Archive member included to satisfy reference by file (symbol)

/opt/n64/mips64-elf/lib/libdragon.a(entrypoint.o)
                              (_start)
/opt/n64/mips64-elf/lib/libdragon.a(debug.o)
                              /opt/n64/mips64-elf/lib/libdragon.a(entrypoint.o) (debug_assert_func)
/opt/n64/mips64-elf/lib/libdragon.a(usb.o)
                              /opt/n64/mips64-elf/lib/libdragon.a(debug.o) (usb_initialize)
/opt/n64/mips64-elf/lib/libdragon.a(ff.o)
                              /opt/n64/mips64-elf/lib/libdragon.a(debug.o) (f_mount)
/opt/n64/mips64-elf/lib/libdragon.a(ffunicode.o)
                              /opt/n64/mips64-elf/lib/libdragon.a(ff.o) (ff_uni2oem)
/opt/n64/mips64-elf/lib/libdragon.a(console.o)
                              /opt/n64/mips64-elf/lib/libdragon.a(debug.o) (console_set_render_mode)
/opt/n64/mips64-elf/lib/libdragon.a(graphics.o)
                              /opt/n64/mips64-elf/lib/libdragon.a(console.o) (graphics_set_color)
/opt/n64/mips64-elf/lib/libdragon.a(dma.o)
                              /opt/n64/mips64-elf/lib/libdragon.a(debug.o) (dma_write_raw_async)
/opt/n64/mips64-elf/lib/libdragon.a(do_ctors.o)
                              /opt/n64/mips64-elf/lib/libdragon.a(entrypoint.o) (__wrap___do_global_ctors)
/opt/n64/mips64-elf/lib/libdragon.a(n64sys.o)
                              /opt/n64/mips64-elf/lib/libdragon.a(debug.o) (sys_bbplayer)
/opt/n64/mips64-elf/lib/libdragon.a(interrupt.o)
                              /opt/n64/mips64-elf/lib/libdragon.a(usb.o) (disable_interrupts)
/opt/n64/mips64-elf/lib/libdragon.a(inthandler.o)
                              /opt/n64/mips64-elf/lib/libdragon.a(entrypoint.o) (inthandler)
/opt/n64/mips64-elf/lib/libdragon.a(display.o)
                              /opt/n64/mips64-elf/lib/libdragon.a(graphics.o) (__safe_buffer)
/opt/n64/mips64-elf/lib/libdragon.a(exception.o)
                              /opt/n64/mips64-elf/lib/libdragon.a(inthandler.o) (__onCriticalException)
/opt/n64/mips64-elf/lib/libdragonsys.a(system.o)
                              /opt/n64/mips64-elf/lib/libdragon.a(debug.o) (attach_filesystem)
/opt/n64/lib/gcc/mips64-elf/11.2.0/../../../../mips64-elf/lib/libdragon.a(dragonfs.o)
                              audio.o (symbol from plugin) (dfs_open)
/opt/n64/lib/gcc/mips64-elf/11.2.0/../../../../mips64-elf/lib/libdragon.a(audio.o)
                              audio.o (symbol from plugin) (audio_init)
/opt/n64/lib/gcc/mips64-elf/11.2.0/../../../../mips64-elf/lib/libdragon.a(controller.o)
                              gl.o (symbol from plugin) (controller_init)
/opt/n64/lib/gcc/mips64-elf/11.2.0/../../../../mips64-elf/lib/libdragon.a(joybus.o)
                              /opt/n64/lib/gcc/mips64-elf/11.2.0/../../../../mips64-elf/lib/libdragon.a(controller.o) (joybus_exec_async)
/opt/n64/lib/gcc/mips64-elf/11.2.0/../../../../mips64-elf/lib/libm.a(lib_a-s_round.o)
                              tntrenderer.o (symbol from plugin) (round)
/opt/n64/lib/gcc/mips64-elf/11.2.0/../../../../mips64-elf/lib/libm.a(lib_a-sf_sin.o)
                              fastmath.o (symbol from plugin) (sinf)
/opt/n64/lib/gcc/mips64-elf/11.2.0/../../../../mips64-elf/lib/libm.a(lib_a-w_sqrt.o)
                              tntrenderer.o (symbol from plugin) (sqrt)
/opt/n64/lib/gcc/mips64-elf/11.2.0/../../../../mips64-elf/lib/libm.a(lib_a-e_sqrt.o)
                              /opt/n64/lib/gcc/mips64-elf/11.2.0/../../../../mips64-elf/lib/libm.a(lib_a-w_sqrt.o) (__ieee754_sqrt)
/opt/n64/lib/gcc/mips64-elf/11.2.0/../../../../mips64-elf/lib/libm.a(lib_a-ef_rem_pio2.o)
                              /opt/n64/lib/gcc/mips64-elf/11.2.0/../../../../mips64-elf/lib/libm.a(lib_a-sf_sin.o) (__ieee754_rem_pio2f)
/opt/n64/lib/gcc/mips64-elf/11.2.0/../../../../mips64-elf/lib/libm.a(lib_a-kf_cos.o)
                              /opt/n64/lib/gcc/mips64-elf/11.2.0/../../../../mips64-elf/lib/libm.a(lib_a-sf_sin.o) (__kernel_cosf)
/opt/n64/lib/gcc/mips64-elf/11.2.0/../../../../mips64-elf/lib/libm.a(lib_a-kf_rem_pio2.o)
                              /opt/n64/lib/gcc/mips64-elf/11.2.0/../../../../mips64-elf/lib/libm.a(lib_a-ef_rem_pio2.o) (__kernel_rem_pio2f)
/opt/n64/lib/gcc/mips64-elf/11.2.0/../../../../mips64-elf/lib/libm.a(lib_a-kf_sin.o)
                              /opt/n64/lib/gcc/mips64-elf/11.2.0/../../../../mips64-elf/lib/libm.a(lib_a-sf_sin.o) (__kernel_sinf)
/opt/n64/lib/gcc/mips64-elf/11.2.0/../../../../mips64-elf/lib/libm.a(lib_a-sf_fabs.o)
                              /opt/n64/lib/gcc/mips64-elf/11.2.0/../../../../mips64-elf/lib/libm.a(lib_a-ef_rem_pio2.o) (fabsf)
/opt/n64/lib/gcc/mips64-elf/11.2.0/../../../../mips64-elf/lib/libm.a(lib_a-sf_floor.o)
                              /opt/n64/lib/gcc/mips64-elf/11.2.0/../../../../mips64-elf/lib/libm.a(lib_a-kf_rem_pio2.o) (floorf)
/opt/n64/lib/gcc/mips64-elf/11.2.0/../../../../mips64-elf/lib/libm.a(lib_a-sf_scalbn.o)
[...]
Memory Configuration

Name             Origin             Length             Attributes
mem              0x0000000080000000 0x0000000000400000
*default*        0x0000000000000000 0xffffffffffffffff

Linker script and memory map

LOAD /opt/n64/lib/gcc/mips64-elf/11.2.0/crti.o
LOAD /opt/n64/lib/gcc/mips64-elf/11.2.0/crtbegin.o
LOAD /opt/n64/mips64-elf/lib/libdragon.a
LOAD /opt/n64/mips64-elf/lib/libdragonsys.a
LOAD audio.o
LOAD /tmp/cc1d81xV.ltrans0.ltrans.o
LOAD /tmp/cc1d81xV.ltrans1.ltrans.o
LOAD /tmp/cc1d81xV.ltrans2.ltrans.o
LOAD dma.o
LOAD aabb.o
LOAD billboardrenderer.o
LOAD blocklisttask.o
LOAD blockrenderer.o
LOAD cakerenderer.o
LOAD chunk.o
LOAD colorrenderer.o
LOAD doorrenderer.o
LOAD fluidrenderer.o
LOAD font.o
LOAD glassrenderer.o
LOAD glbox.o
LOAD helptask.o
LOAD inventory.o
LOAD lamprenderer.o
LOAD leavesrenderer.o
LOAD main.o
LOAD menutask.o
LOAD perlinnoise.o
LOAD pressurerenderer.o
LOAD redtorchrenderer.o
LOAD settingstask.o
LOAD switchrenderer.o
LOAD terrain.o
LOAD tntrenderer.o
LOAD torchrenderer.o
LOAD wheatrenderer.o
LOAD wirerenderer.o
LOAD world.o
LOAD worldtask.o
LOAD gl.o
LOAD sound.o
LOAD task.o
LOAD fastmath.o
LOAD gldrawarray.o
LOAD texturetools.o
LOAD n64/n64_memcpy.o
LOAD n64/n64_memset.o
LOAD /opt/n64/lib/gcc/mips64-elf/11.2.0/../../../../mips64-elf/lib/libdragon.a
LOAD /opt/n64/lib/gcc/mips64-elf/11.2.0/../../../../mips64-elf/lib/libm.a
LOAD /opt/n64/lib/gcc/mips64-elf/11.2.0/../../../../mips64-elf/lib/libdragonsys.a
                0x0000000080000000                __kseg0_start = 0x80000000
                0x0000000080000400                __libdragon_text_start = (__kseg0_start + 0x400)

.text           0x0000000080000400    0x45cb0
 *(.boot)
 .boot          0x0000000080000400      0x194 /opt/n64/mips64-elf/lib/libdragon.a(entrypoint.o)
                0x0000000080000400                _start
                0x00000000800005a0                . = ALIGN (0x10)
 *fill*         0x0000000080000594        0xc 
                0x00000000800005a0                __text_start = .
 *(.text)
 .text          0x00000000800005a0      0x2f4 /opt/n64/mips64-elf/lib/libdragon.a(inthandler.o)
                0x00000000800005a0                inthandler
 *fill*         0x0000000080000894        0xc 
 .text          0x00000000800008a0     0xde20 /tmp/cc1d81xV.ltrans0.ltrans.o
                0x00000000800008a0                _ZN13WheatRenderer6actionEtiiiR5Chunk
                0x00000000800008a0                _ZN17DumbBlockRenderer6actionEtiiiR5Chunk
                0x00000000800008c0                _ZN13WheatRenderer12removedBlockEtiiiR5Chunk
                0x00000000800008c0                _ZN17DumbBlockRenderer4tickEtiiiR5Chunk
                0x00000000800008c0                _ZN17DumbBlockRenderer10addedBlockEtiiiR5Chunk
                0x00000000800008c0                _ZN17DumbBlockRenderer12removedBlockEtiiiR5Chunk
                0x00000000800008e0                _ZN17DumbBlockRenderer10powersSideEt10BLOCK_SIDE
                0x0000000080000900                _ZN12WireRenderer19geometryNormalBlockEtiii10BLOCK_SIDER5Chunk
                0x0000000080000900                _ZN17BillboardRenderer19geometryNormalBlockEtiii10BLOCK_SIDER5Chunk
                0x0000000080000900                _ZN13WheatRenderer19geometryNormalBlockEtiii10BLOCK_SIDER5Chunk
                0x0000000080000900                _ZN17DumbBlockRenderer19geometryNormalBlockEtiii10BLOCK_SIDER5Chunk
                0x0000000080000900                _ZN17NullBlockRenderer19geometryNormalBlockEtiii10BLOCK_SIDER5Chunk
                0x0000000080000900                _ZN13TorchRenderer19geometryNormalBlockEtiii10BLOCK_SIDER5Chunk
                0x0000000080000900                _ZN12DoorRenderer19geometryNormalBlockEtiii10BLOCK_SIDER5Chunk
                0x0000000080000920                _ZN13GlassRenderer8isOpaqueEt
                0x0000000080000920                _ZN17BillboardRenderer8isOpaqueEt
                0x0000000080000920                _ZN12WireRenderer10isOrientedEt
                0x0000000080000920                _ZN19NormalBlockRenderer10isOrientedEt
                0x0000000080000920                _ZN17NullBlockRenderer10isObstacleEt
                0x0000000080000920                _ZN12CakeRenderer15isFullyOrientedEt
                0x0000000080000920                _ZN17NullBlockRenderer8isOpaqueEt
                0x0000000080000920                _ZN21PressurePlateRenderer8isOpaqueEt
                0x0000000080000920                _ZN17NullBlockRenderer15isFullyOrientedEt
                0x0000000080000920                _ZN21OrientedBlockRenderer15isFullyOrientedEt
                0x0000000080000920                _ZN12DoorRenderer13isBlockShapedEt
                0x0000000080000920                _ZN13TorchRenderer13isBlockShapedEt
                0x0000000080000920                _ZN17DumbBlockRenderer15isFullyOrientedEt
                0x0000000080000920                _ZN13FluidRenderer10isObstacleEt
                0x0000000080000920                _ZN13WheatRenderer10isOrientedEt
                0x0000000080000920                _ZN12CakeRenderer8isOpaqueEt
                0x0000000080000920                _ZN12DoorRenderer15isFullyOrientedEt
                0x0000000080000920                _ZN12WireRenderer13isBlockShapedEt
                0x0000000080000920                _ZN12DoorRenderer8isOpaqueEt
                0x0000000080000920                _ZN13FluidRenderer15isFullyOrientedEt
                0x0000000080000920                _ZN17NullBlockRenderer10isOrientedEt
                0x0000000080000920                _ZN12CakeRenderer10isOrientedEt
                0x0000000080000920                _ZN12WireRenderer8isOpaqueEt
                0x0000000080000920                _ZN13FluidRenderer10isOrientedEt
                0x0000000080000920                _ZN17DumbBlockRenderer10isOrientedEt
                0x0000000080000920                _ZN13TorchRenderer10isObstacleEt
                0x0000000080000920                _ZN13TorchRenderer8isOpaqueEt
                0x0000000080000920                _ZN12WireRenderer10isObstacleEt
                0x0000000080000920                _ZN13WheatRenderer10isObstacleEt
                0x0000000080000920                _ZN12CakeRenderer13isBlockShapedEt
                0x0000000080000920                _ZN19NormalBlockRenderer15isFullyOrientedEt
                0x0000000080000920                _ZN21PressurePlateRenderer10isObstacleEt
                0x0000000080000920                _ZN13WheatRenderer8isOpaqueEt
                0x0000000080000920                _ZN21PressurePlateRenderer13isBlockShapedEt
                0x0000000080000920                _ZN13WheatRenderer15isFullyOrientedEt
                0x0000000080000920                _ZN13WheatRenderer13isBlockShapedEt
                0x0000000080000920                _ZN12WireRenderer15isFullyOrientedEt
                0x0000000080000920                _ZN13FluidRenderer8isOpaqueEt
                0x0000000080000920                _ZN12CakeRenderer10isObstacleEt
                0x0000000080000940                _ZN22UniversalBlockRenderer7getNameEt
                0x0000000080000960                _ZN22UniversalBlockRenderer11drawPreviewEtR7TEXTUREii
                0x0000000080000c80                _ZN19NormalBlockRenderer18renderSpecialBlockEt3FixILj8ElES1_S1_R5Chunk
                0x0000000080000c80                _ZN17NullBlockRenderer18renderSpecialBlockEt3FixILj8ElES1_S1_R5Chunk
                0x0000000080000ca0                _ZN19NormalBlockRenderer13isBlockShapedEt
                0x0000000080000ca0                _ZN19NormalBlockRenderer10isObstacleEt
                0x0000000080000ca0                _ZN19NormalBlockRenderer8isOpaqueEt
                0x0000000080000ca0                _ZN17NullBlockRenderer13isBlockShapedEt
                0x0000000080000ca0                _ZN21OrientedBlockRenderer10isOrientedEt
                0x0000000080000ca0                _ZN13TorchRenderer15isFullyOrientedEt
                0x0000000080000ca0                _ZN12DoorRenderer10isObstacleEt
                0x0000000080000ca0                _ZN13TorchRenderer10isOrientedEt
                0x0000000080000ca0                _ZN12DoorRenderer10isOrientedEt
                0x0000000080000cc0                _ZN17NullBlockRenderer7getAABBEt3FixILj8ElES1_S1_
                0x0000000080000cc0                _ZN19NormalBlockRenderer7getAABBEt3FixILj8ElES1_S1_
                0x0000000080000d00                _ZN19NormalBlockRenderer7getNameEt
                0x0000000080000d20                _ZN17NullBlockRenderer11drawPreviewEtR7TEXTUREii
                0x0000000080000d40                _ZN17NullBlockRenderer7getNameEt
                0x0000000080000d60                _ZN22UniversalBlockRendererD1Ev
                0x0000000080000d60                _ZN22UniversalBlockRendererD2Ev
                0x0000000080000e00                _ZN22UniversalBlockRenderer18renderSpecialBlockEt3FixILj8ElES1_S1_R5Chunk
                0x0000000080000e40                _ZN22UniversalBlockRenderer19geometryNormalBlockEtiii10BLOCK_SIDER5Chunk
                0x0000000080000e60                _ZN22UniversalBlockRenderer8isOpaqueEt
                0x0000000080000e80                _ZN22UniversalBlockRenderer10isObstacleEt
                0x0000000080000ea0                _ZN22UniversalBlockRenderer10isOrientedEt
                0x0000000080000ec0                _ZN22UniversalBlockRenderer15isFullyOrientedEt
                0x0000000080000ee0                _ZN22UniversalBlockRenderer13isBlockShapedEt
                0x0000000080000f00                _ZN22UniversalBlockRenderer7getAABBEt3FixILj8ElES1_S1_
                0x0000000080000f60                _ZN22UniversalBlockRenderer6actionEtiiiR5Chunk
                0x0000000080000f80                _ZN22UniversalBlockRenderer4tickEtiiiR5Chunk
                0x0000000080001000                _ZNSt23_Sp_counted_ptr_inplaceI17BillboardRendererSaIS0_ELN9__gnu_cxx12_Lock_policyE0EE10_M_disposeEv
                0x0000000080001020                _ZNSt23_Sp_counted_ptr_inplaceI13WheatRendererSaIS0_ELN9__gnu_cxx12_Lock_policyE0EE10_M_disposeEv
                0x0000000080001040                _ZNSt23_Sp_counted_ptr_inplaceI13FluidRendererSaIS0_ELN9__gnu_cxx12_Lock_policyE0EE10_M_disposeEv
                0x0000000080001060                _ZNSt23_Sp_counted_ptr_inplaceI13TorchRendererSaIS0_ELN9__gnu_cxx12_Lock_policyE0EE10_M_disposeEv
                0x0000000080001080                _ZNSt23_Sp_counted_ptr_inplaceI21PressurePlateRendererSaIS0_ELN9__gnu_cxx12_Lock_policyE0EE10_M_disposeEv
                0x00000000800010a0                _ZNSt23_Sp_counted_ptr_inplaceI21RedstoneTorchRendererSaIS0_ELN9__gnu_cxx12_Lock_policyE0EE10_M_disposeEv
                0x00000000800010c0                _ZNSt23_Sp_counted_ptr_inplaceI12WireRendererSaIS0_ELN9__gnu_cxx12_Lock_policyE0EE10_M_disposeEv
                0x00000000800010e0                _ZNSt23_Sp_counted_ptr_inplaceI14SwitchRendererSaIS0_ELN9__gnu_cxx12_Lock_policyE0EE10_M_disposeEv
                0x0000000080001100                _ZNSt23_Sp_counted_ptr_inplaceI12LampRendererSaIS0_ELN9__gnu_cxx12_Lock_policyE0EE10_M_disposeEv
                0x0000000080001120                _ZNSt23_Sp_counted_ptr_inplaceI11TNTRendererSaIS0_ELN9__gnu_cxx12_Lock_policyE0EE10_M_disposeEv
                0x0000000080001140                _ZNSt23_Sp_counted_ptr_inplaceI14LeavesRendererSaIS0_ELN9__gnu_cxx12_Lock_policyE0EE10_M_disposeEv
                0x0000000080001160                _ZNSt23_Sp_counted_ptr_inplaceI13GlassRendererSaIS0_ELN9__gnu_cxx12_Lock_policyE0EE10_M_disposeEv
                0x0000000080001180                _ZNSt23_Sp_counted_ptr_inplaceI12DoorRendererSaIS0_ELN9__gnu_cxx12_Lock_policyE0EE10_M_disposeEv
                0x00000000800011a0                _ZNSt23_Sp_counted_ptr_inplaceI12CakeRendererSaIS0_ELN9__gnu_cxx12_Lock_policyE0EE10_M_disposeEv
                0x00000000800011c0                _ZNSt23_Sp_counted_ptr_inplaceI17NullBlockRendererSaIS0_ELN9__gnu_cxx12_Lock_policyE0EE10_M_disposeEv
                0x00000000800011e0                _ZNSt23_Sp_counted_ptr_inplaceI21OrientedBlockRendererSaIS0_ELN9__gnu_cxx12_Lock_policyE0EE10_M_disposeEv
                0x0000000080001200                _ZNSt23_Sp_counted_ptr_inplaceI19NormalBlockRendererSaIS0_ELN9__gnu_cxx12_Lock_policyE0EE10_M_disposeEv
                0x0000000080001220                _ZNSt23_Sp_counted_ptr_inplaceI18ColorBlockRendererSaIS0_ELN9__gnu_cxx12_Lock_policyE0EE10_M_disposeEv
                0x0000000080001240                _ZN12CakeRenderer7getAABBEt3FixILj8ElES1_S1_
                0x00000000800012a0                _ZN12CakeRenderer7getNameEt
                0x00000000800012c0                _ZN12DoorRenderer7getAABBEt3FixILj8ElES1_S1_
                0x0000000080001400                _ZN19NormalBlockRenderer11drawPreviewEtR7TEXTUREii
                0x00000000800014a0                _ZN12CakeRenderer11drawPreviewEtR7TEXTUREii
                0x0000000080001520                _ZN12DoorRenderer11drawPreviewEtR7TEXTUREii
                0x0000000080001760                _ZN13WheatRenderer10powersSideEt10BLOCK_SIDE
                0x0000000080001760                _ZN12DoorRenderer10powersSideEt10BLOCK_SIDE
                0x0000000080001780                _ZN12DoorRenderer7getNameEt
                0x00000000800017a0                _ZN13FluidRenderer13isBlockShapedEt
                0x00000000800017e0                _ZN13FluidRenderer7getAABBEt3FixILj8ElES1_S1_
                0x0000000080001820                _ZN13FluidRenderer11drawPreviewEtR7TEXTUREii
                0x00000000800018c0                _ZN13FluidRenderer7getNameEt
                0x00000000800018e0                _ZN13GlassRenderer11drawPreviewEtR7TEXTUREii
                0x0000000080001960                _ZN8MenuTask11makeCurrentEv
                0x0000000080001960                _ZN8MenuTask6renderEv
                0x0000000080001960                _ZN8HelpTask11makeCurrentEv
                0x0000000080001960                _ZN8HelpTask5logicEv
                0x0000000080001960                _ZN8HelpTask6renderEv
                0x0000000080001960                _ZN8MenuTask5logicEv
                0x0000000080001980                _ZN12LampRenderer11drawPreviewEtR7TEXTUREii
                0x0000000080001a00                _ZN12LampRenderer7getNameEt
                0x0000000080001a20                _ZN14LeavesRenderer8isOpaqueEt
                0x0000000080001a40                _ZN14LeavesRenderer11drawPreviewEtR7TEXTUREii
                0x0000000080001ae0                _ZN12WireRenderer7getAABBEt3FixILj8ElES1_S1_
                0x0000000080001ae0                _ZN21PressurePlateRenderer7getAABBEt3FixILj8ElES1_S1_
                0x0000000080001b20                _ZN21PressurePlateRenderer10powersSideEt10BLOCK_SIDE
                0x0000000080001b60                _ZN21PressurePlateRenderer11drawPreviewEtR7TEXTUREii
                0x0000000080001be0                _ZN21PressurePlateRenderer7getNameEt
                0x0000000080001c00                _ZN21RedstoneTorchRenderer11drawPreviewEtR7TEXTUREii
                0x0000000080001c80                _ZN21RedstoneTorchRenderer7getNameEt
                0x0000000080001ca0                _ZN21RedstoneTorchRenderer10powersSideEt10BLOCK_SIDE
                0x0000000080001d40                _ZN14SwitchRenderer11drawPreviewEtR7TEXTUREii
                0x0000000080001dc0                _ZN14SwitchRenderer10powersSideEt10BLOCK_SIDE
                0x0000000080001e40                _ZN14SwitchRenderer7getNameEt
                0x0000000080001fe0                _ZN13TorchRenderer7getAABBEt3FixILj8ElES1_S1_
                0x00000000800020e0                _ZN13TorchRenderer11drawPreviewEtR7TEXTUREii
                0x0000000080002160                _ZN13TorchRenderer7getNameEt
                0x0000000080002180                _ZN13WheatRenderer7getAABBEt3FixILj8ElES1_S1_
                0x00000000800021e0                _ZN13WheatRenderer11drawPreviewEtR7TEXTUREii
                0x0000000080002260                _ZN13WheatRenderer7getNameEt
                0x00000000800025e0                _ZN19NormalBlockRendererD0Ev
                0x0000000080002600                _ZN13TorchRendererD0Ev
                0x0000000080002620                _ZN21OrientedBlockRendererD0Ev
                0x0000000080002640                _ZN17NullBlockRendererD0Ev
                0x0000000080002660                _ZNSt23_Sp_counted_ptr_inplaceI17BillboardRendererSaIS0_ELN9__gnu_cxx12_Lock_policyE0EED0Ev
                0x0000000080002680                _ZNSt23_Sp_counted_ptr_inplaceI17BillboardRendererSaIS0_ELN9__gnu_cxx12_Lock_policyE0EE10_M_destroyEv
                0x00000000800026a0                _ZNSt23_Sp_counted_ptr_inplaceI11TNTRendererSaIS0_ELN9__gnu_cxx12_Lock_policyE0EED0Ev
                0x00000000800026a0                _ZNSt23_Sp_counted_ptr_inplaceI12CakeRendererSaIS0_ELN9__gnu_cxx12_Lock_policyE0EED0Ev
                0x00000000800026a0                _ZNSt23_Sp_counted_ptr_inplaceI12WireRendererSaIS0_ELN9__gnu_cxx12_Lock_policyE0EED0Ev
                0x00000000800026a0                _ZNSt23_Sp_counted_ptr_inplaceI13TorchRendererSaIS0_ELN9__gnu_cxx12_Lock_policyE0EED0Ev
                0x00000000800026a0                _ZNSt23_Sp_counted_ptr_inplaceI17NullBlockRendererSaIS0_ELN9__gnu_cxx12_Lock_policyE0EED0Ev
                0x00000000800026a0                _ZNSt23_Sp_counted_ptr_inplaceI21RedstoneTorchRendererSaIS0_ELN9__gnu_cxx12_Lock_policyE0EED0Ev
                0x00000000800026a0                _ZNSt23_Sp_counted_ptr_inplaceI19NormalBlockRendererSaIS0_ELN9__gnu_cxx12_Lock_policyE0EED0Ev
                0x00000000800026a0                _ZNSt23_Sp_counted_ptr_inplaceI13GlassRendererSaIS0_ELN9__gnu_cxx12_Lock_policyE0EED0Ev
                0x00000000800026a0                _ZNSt23_Sp_counted_ptr_inplaceI13WheatRendererSaIS0_ELN9__gnu_cxx12_Lock_policyE0EED0Ev
                0x00000000800026a0                _ZNSt23_Sp_counted_ptr_inplaceI12LampRendererSaIS0_ELN9__gnu_cxx12_Lock_policyE0EED0Ev
                0x00000000800026a0                _ZNSt23_Sp_counted_ptr_inplaceI18ColorBlockRendererSaIS0_ELN9__gnu_cxx12_Lock_policyE0EED0Ev
                0x00000000800026a0                _ZNSt23_Sp_counted_ptr_inplaceI14LeavesRendererSaIS0_ELN9__gnu_cxx12_Lock_policyE0EED0Ev
                0x00000000800026a0                _ZNSt23_Sp_counted_ptr_inplaceI12DoorRendererSaIS0_ELN9__gnu_cxx12_Lock_policyE0EED0Ev
                0x00000000800026a0                _ZNSt23_Sp_counted_ptr_inplaceI14SwitchRendererSaIS0_ELN9__gnu_cxx12_Lock_policyE0EED0Ev
                0x00000000800026a0                _ZNSt23_Sp_counted_ptr_inplaceI21OrientedBlockRendererSaIS0_ELN9__gnu_cxx12_Lock_policyE0EED0Ev
                0x00000000800026a0                _ZNSt23_Sp_counted_ptr_inplaceI21PressurePlateRendererSaIS0_ELN9__gnu_cxx12_Lock_policyE0EED0Ev
                0x00000000800026c0                _ZNSt23_Sp_counted_ptr_inplaceI12CakeRendererSaIS0_ELN9__gnu_cxx12_Lock_policyE0EE10_M_destroyEv
                0x00000000800026c0                _ZNSt23_Sp_counted_ptr_inplaceI18ColorBlockRendererSaIS0_ELN9__gnu_cxx12_Lock_policyE0EE10_M_destroyEv
                0x00000000800026c0                _ZNSt23_Sp_counted_ptr_inplaceI21PressurePlateRendererSaIS0_ELN9__gnu_cxx12_Lock_policyE0EE10_M_destroyEv
                0x00000000800026c0                _ZNSt23_Sp_counted_ptr_inplaceI13TorchRendererSaIS0_ELN9__gnu_cxx12_Lock_policyE0EE10_M_destroyEv
                0x00000000800026c0                _ZNSt23_Sp_counted_ptr_inplaceI14LeavesRendererSaIS0_ELN9__gnu_cxx12_Lock_policyE0EE10_M_destroyEv
                0x00000000800026c0                _ZNSt23_Sp_counted_ptr_inplaceI13GlassRendererSaIS0_ELN9__gnu_cxx12_Lock_policyE0EE10_M_destroyEv
                0x00000000800026c0                _ZNSt23_Sp_counted_ptr_inplaceI13WheatRendererSaIS0_ELN9__gnu_cxx12_Lock_policyE0EE10_M_destroyEv
                0x00000000800026c0                _ZNSt23_Sp_counted_ptr_inplaceI12LampRendererSaIS0_ELN9__gnu_cxx12_Lock_policyE0EE10_M_destroyEv
                0x00000000800026c0                _ZNSt23_Sp_counted_ptr_inplaceI17NullBlockRendererSaIS0_ELN9__gnu_cxx12_Lock_policyE0EE10_M_destroyEv
                0x00000000800026c0                _ZNSt23_Sp_counted_ptr_inplaceI12WireRendererSaIS0_ELN9__gnu_cxx12_Lock_policyE0EE10_M_destroyEv
                0x00000000800026c0                _ZNSt23_Sp_counted_ptr_inplaceI12DoorRendererSaIS0_ELN9__gnu_cxx12_Lock_policyE0EE10_M_destroyEv
                0x00000000800026c0                _ZNSt23_Sp_counted_ptr_inplaceI21RedstoneTorchRendererSaIS0_ELN9__gnu_cxx12_Lock_policyE0EE10_M_destroyEv
                0x00000000800026c0                _ZNSt23_Sp_counted_ptr_inplaceI19NormalBlockRendererSaIS0_ELN9__gnu_cxx12_Lock_policyE0EE10_M_destroyEv
                0x00000000800026c0                _ZNSt23_Sp_counted_ptr_inplaceI21OrientedBlockRendererSaIS0_ELN9__gnu_cxx12_Lock_policyE0EE10_M_destroyEv
                0x00000000800026c0                _ZNSt23_Sp_counted_ptr_inplaceI11TNTRendererSaIS0_ELN9__gnu_cxx12_Lock_policyE0EE10_M_destroyEv
                0x00000000800026c0                _ZNSt23_Sp_counted_ptr_inplaceI14SwitchRendererSaIS0_ELN9__gnu_cxx12_Lock_policyE0EE10_M_destroyEv
                0x00000000800026e0                _ZNSt23_Sp_counted_ptr_inplaceI13FluidRendererSaIS0_ELN9__gnu_cxx12_Lock_policyE0EED0Ev
                0x0000000080002700                _ZNSt23_Sp_counted_ptr_inplaceI13FluidRendererSaIS0_ELN9__gnu_cxx12_Lock_policyE0EE10_M_destroyEv
                0x0000000080002720                _ZN13WheatRendererD0Ev
                0x0000000080002740                _ZN13FluidRendererD0Ev
                0x0000000080002760                _ZN21PressurePlateRendererD0Ev
                0x0000000080002780                _ZN21RedstoneTorchRendererD0Ev
                0x00000000800027a0                _ZN12WireRendererD0Ev
                0x00000000800027c0                _ZN14SwitchRendererD0Ev
                0x00000000800027e0                _ZN12LampRendererD0Ev
                0x0000000080002800                _ZN11TNTRendererD0Ev
                0x0000000080002820                _ZN14LeavesRendererD0Ev
                0x0000000080002840                _ZN13GlassRendererD0Ev
                0x0000000080002860                _ZN12DoorRendererD0Ev
                0x0000000080002880                _ZN12CakeRendererD0Ev
                0x00000000800028a0                _ZN18ColorBlockRendererD0Ev
                0x00000000800028c0                _ZN8HelpTaskD0Ev
                0x00000000800028e0                _ZN8MenuTaskD0Ev
                0x0000000080002900                _ZN12SettingsTaskD2Ev
                0x0000000080002900                _ZN12SettingsTaskD1Ev
                0x0000000080002c60                _ZN13BlockListTaskD1Ev
                0x0000000080002c60                _ZN13BlockListTaskD2Ev
                0x0000000080002d00                _ZN13BlockListTask11makeCurrentEv
                0x0000000080003c40                _ZNSt23_Sp_counted_ptr_inplaceI12WireRendererSaIS0_ELN9__gnu_cxx12_Lock_policyE0EE14_M_get_deleterERKSt9type_info
                0x0000000080003cc0                _ZNSt23_Sp_counted_ptr_inplaceI17BillboardRendererSaIS0_ELN9__gnu_cxx12_Lock_policyE0EE14_M_get_deleterERKSt9type_info
                0x0000000080003d40                _ZNSt23_Sp_counted_ptr_inplaceI13WheatRendererSaIS0_ELN9__gnu_cxx12_Lock_policyE0EE14_M_get_deleterERKSt9type_info
                0x0000000080003dc0                _ZNSt23_Sp_counted_ptr_inplaceI13FluidRendererSaIS0_ELN9__gnu_cxx12_Lock_policyE0EE14_M_get_deleterERKSt9type_info
                0x0000000080003e40                _ZNSt23_Sp_counted_ptr_inplaceI13TorchRendererSaIS0_ELN9__gnu_cxx12_Lock_policyE0EE14_M_get_deleterERKSt9type_info
                0x0000000080003ec0                _ZNSt23_Sp_counted_ptr_inplaceI21PressurePlateRendererSaIS0_ELN9__gnu_cxx12_Lock_policyE0EE14_M_get_deleterERKSt9type_info
                0x0000000080003f40                _ZNSt23_Sp_counted_ptr_inplaceI21RedstoneTorchRendererSaIS0_ELN9__gnu_cxx12_Lock_policyE0EE14_M_get_deleterERKSt9type_info
                0x0000000080003fc0                _ZNSt23_Sp_counted_ptr_inplaceI14SwitchRendererSaIS0_ELN9__gnu_cxx12_Lock_policyE0EE14_M_get_deleterERKSt9type_info
                0x0000000080004040                _ZNSt23_Sp_counted_ptr_inplaceI12LampRendererSaIS0_ELN9__gnu_cxx12_Lock_policyE0EE14_M_get_deleterERKSt9type_info
                0x00000000800040c0                _ZNSt23_Sp_counted_ptr_inplaceI11TNTRendererSaIS0_ELN9__gnu_cxx12_Lock_policyE0EE14_M_get_deleterERKSt9type_info
                0x0000000080004140                _ZNSt23_Sp_counted_ptr_inplaceI14LeavesRendererSaIS0_ELN9__gnu_cxx12_Lock_policyE0EE14_M_get_deleterERKSt9type_info
                0x00000000800041c0                _ZNSt23_Sp_counted_ptr_inplaceI13GlassRendererSaIS0_ELN9__gnu_cxx12_Lock_policyE0EE14_M_get_deleterERKSt9type_info
                0x0000000080004240                _ZNSt23_Sp_counted_ptr_inplaceI12DoorRendererSaIS0_ELN9__gnu_cxx12_Lock_policyE0EE14_M_get_deleterERKSt9type_info
                0x00000000800042c0                _ZNSt23_Sp_counted_ptr_inplaceI12CakeRendererSaIS0_ELN9__gnu_cxx12_Lock_policyE0EE14_M_get_deleterERKSt9type_info
                0x0000000080004340                _ZNSt23_Sp_counted_ptr_inplaceI17NullBlockRendererSaIS0_ELN9__gnu_cxx12_Lock_policyE0EE14_M_get_deleterERKSt9type_info
                0x00000000800043c0                _ZNSt23_Sp_counted_ptr_inplaceI21OrientedBlockRendererSaIS0_ELN9__gnu_cxx12_Lock_policyE0EE14_M_get_deleterERKSt9type_info
                0x0000000080004440                _ZNSt23_Sp_counted_ptr_inplaceI19NormalBlockRendererSaIS0_ELN9__gnu_cxx12_Lock_policyE0EE14_M_get_deleterERKSt9type_info
                0x00000000800044c0                _ZNSt23_Sp_counted_ptr_inplaceI18ColorBlockRendererSaIS0_ELN9__gnu_cxx12_Lock_policyE0EE14_M_get_deleterERKSt9type_info
                0x0000000080005040                _ZN19NormalBlockRenderer19geometryNormalBlockEtiii10BLOCK_SIDER5Chunk
                0x0000000080005300                _ZN21OrientedBlockRenderer19geometryNormalBlockEtiii10BLOCK_SIDER5Chunk
                0x0000000080005400                _ZN18ColorBlockRenderer19geometryNormalBlockEtiii10BLOCK_SIDER5Chunk
                0x0000000080005e60                _ZN12LampRenderer19geometryNormalBlockEtiii10BLOCK_SIDER5Chunk
                0x0000000080005ec0                _ZN14LeavesRenderer19geometryNormalBlockEtiii10BLOCK_SIDER5Chunk
                0x0000000080006220                _ZN13WheatRenderer18renderSpecialBlockEt3FixILj8ElES1_S1_R5Chunk
                0x00000000800062a0                _ZN12CakeRenderer19geometryNormalBlockEtiii10BLOCK_SIDER5Chunk
                0x0000000080006400                _ZN14SwitchRenderer6actionEtiiiR5Chunk
                0x0000000080006600                _ZN21RedstoneTorchRenderer18renderSpecialBlockEt3FixILj8ElES1_S1_R5Chunk
                0x0000000080006680                _ZN13TorchRenderer18renderSpecialBlockEt3FixILj8ElES1_S1_R5Chunk
                0x0000000080006700                _ZN19NormalBlockRendererD2Ev.lto_priv.0
                0x0000000080006700                _ZN19NormalBlockRendererD1Ev.lto_priv.0
                0x0000000080006720                _ZN13TorchRendererD2Ev.lto_priv.0
                0x0000000080006720                _ZN13TorchRendererD1Ev.lto_priv.0
                0x0000000080006740                _ZN21OrientedBlockRendererD2Ev.lto_priv.0
                0x0000000080006740                _ZN21OrientedBlockRendererD1Ev.lto_priv.0
                0x0000000080006760                _ZN17NullBlockRendererD2Ev.lto_priv.0
                0x0000000080006760                _ZN17NullBlockRendererD1Ev.lto_priv.0
                0x0000000080006780                _ZNSt23_Sp_counted_ptr_inplaceI17BillboardRendererSaIS0_ELN9__gnu_cxx12_Lock_policyE0EED2Ev.lto_priv.0
                0x0000000080006780                _ZNSt23_Sp_counted_ptr_inplaceI17BillboardRendererSaIS0_ELN9__gnu_cxx12_Lock_policyE0EED1Ev.lto_priv.0
                0x00000000800067a0                _ZNSt23_Sp_counted_ptr_inplaceI12DoorRendererSaIS0_ELN9__gnu_cxx12_Lock_policyE0EED1Ev.lto_priv.0
                0x00000000800067a0                _ZNSt23_Sp_counted_ptr_inplaceI12CakeRendererSaIS0_ELN9__gnu_cxx12_Lock_policyE0EED1Ev.lto_priv.0
                0x00000000800067a0                _ZNSt23_Sp_counted_ptr_inplaceI17NullBlockRendererSaIS0_ELN9__gnu_cxx12_Lock_policyE0EED1Ev.lto_priv.0
                0x00000000800067a0                _ZNSt23_Sp_counted_ptr_inplaceI21RedstoneTorchRendererSaIS0_ELN9__gnu_cxx12_Lock_policyE0EED1Ev.lto_priv.0
                0x00000000800067a0                _ZNSt23_Sp_counted_ptr_inplaceI14SwitchRendererSaIS0_ELN9__gnu_cxx12_Lock_policyE0EED1Ev.lto_priv.0
                0x00000000800067a0                _ZNSt23_Sp_counted_ptr_inplaceI13WheatRendererSaIS0_ELN9__gnu_cxx12_Lock_policyE0EED1Ev.lto_priv.0
                0x00000000800067a0                _ZNSt23_Sp_counted_ptr_inplaceI12WireRendererSaIS0_ELN9__gnu_cxx12_Lock_policyE0EED1Ev.lto_priv.0
                0x00000000800067a0                _ZNSt23_Sp_counted_ptr_inplaceI11TNTRendererSaIS0_ELN9__gnu_cxx12_Lock_policyE0EED1Ev.lto_priv.0
                0x00000000800067a0                _ZNSt23_Sp_counted_ptr_inplaceI21OrientedBlockRendererSaIS0_ELN9__gnu_cxx12_Lock_policyE0EED1Ev.lto_priv.0
                0x00000000800067a0                _ZNSt23_Sp_counted_ptr_inplaceI13WheatRendererSaIS0_ELN9__gnu_cxx12_Lock_policyE0EED2Ev.lto_priv.0
                0x00000000800067a0                _ZNSt23_Sp_counted_ptr_inplaceI13TorchRendererSaIS0_ELN9__gnu_cxx12_Lock_policyE0EED1Ev.lto_priv.0
                0x00000000800067a0                _ZNSt23_Sp_counted_ptr_inplaceI18ColorBlockRendererSaIS0_ELN9__gnu_cxx12_Lock_policyE0EED1Ev.lto_priv.0
                0x00000000800067a0                _ZNSt23_Sp_counted_ptr_inplaceI12LampRendererSaIS0_ELN9__gnu_cxx12_Lock_policyE0EED1Ev.lto_priv.0
                0x00000000800067a0                _ZNSt23_Sp_counted_ptr_inplaceI19NormalBlockRendererSaIS0_ELN9__gnu_cxx12_Lock_policyE0EED1Ev.lto_priv.0
                0x00000000800067a0                _ZNSt23_Sp_counted_ptr_inplaceI14LeavesRendererSaIS0_ELN9__gnu_cxx12_Lock_policyE0EED1Ev.lto_priv.0
                0x00000000800067a0                _ZNSt23_Sp_counted_ptr_inplaceI13GlassRendererSaIS0_ELN9__gnu_cxx12_Lock_policyE0EED1Ev.lto_priv.0
                0x00000000800067a0                _ZNSt23_Sp_counted_ptr_inplaceI21PressurePlateRendererSaIS0_ELN9__gnu_cxx12_Lock_policyE0EED1Ev.lto_priv.0
                0x00000000800067c0                _ZNSt23_Sp_counted_ptr_inplaceI13FluidRendererSaIS0_ELN9__gnu_cxx12_Lock_policyE0EED2Ev.lto_priv.0
                0x00000000800067c0                _ZNSt23_Sp_counted_ptr_inplaceI13FluidRendererSaIS0_ELN9__gnu_cxx12_Lock_policyE0EED1Ev.lto_priv.0
                0x00000000800067e0                _ZN13WheatRendererD1Ev.lto_priv.0
                0x00000000800067e0                _ZN13WheatRendererD2Ev.lto_priv.0
                0x0000000080006800                _ZN13FluidRendererD1Ev.lto_priv.0
                0x0000000080006800                _ZN13FluidRendererD2Ev.lto_priv.0
                0x0000000080006820                _ZN21PressurePlateRendererD1Ev.lto_priv.0
                0x0000000080006820                _ZN21PressurePlateRendererD2Ev.lto_priv.0
                0x0000000080006840                _ZN21RedstoneTorchRendererD2Ev.lto_priv.0
                0x0000000080006840                _ZN21RedstoneTorchRendererD1Ev.lto_priv.0
                0x0000000080006860                _ZN12WireRendererD1Ev.lto_priv.0
                0x0000000080006860                _ZN12WireRendererD2Ev.lto_priv.0
                0x0000000080006880                _ZN14SwitchRendererD1Ev.lto_priv.0
                0x0000000080006880                _ZN14SwitchRendererD2Ev.lto_priv.0
                0x00000000800068a0                _ZN12LampRendererD1Ev.lto_priv.0
                0x00000000800068a0                _ZN12LampRendererD2Ev.lto_priv.0
                0x00000000800068c0                _ZN11TNTRendererD1Ev.lto_priv.0
                0x00000000800068c0                _ZN11TNTRendererD2Ev.lto_priv.0
                0x00000000800068e0                _ZN14LeavesRendererD1Ev.lto_priv.0
                0x00000000800068e0                _ZN14LeavesRendererD2Ev.lto_priv.0
                0x0000000080006900                _ZN13GlassRendererD2Ev.lto_priv.0
                0x0000000080006900                _ZN13GlassRendererD1Ev.lto_priv.0
                0x0000000080006920                _ZN12DoorRendererD1Ev.lto_priv.0
                0x0000000080006920                _ZN12DoorRendererD2Ev.lto_priv.0
                0x0000000080006940                _ZN12CakeRendererD1Ev.lto_priv.0
                0x0000000080006940                _ZN12CakeRendererD2Ev.lto_priv.0
                0x0000000080006960                _ZN18ColorBlockRendererD1Ev.lto_priv.0
                0x0000000080006960                _ZN18ColorBlockRendererD2Ev.lto_priv.0
                0x0000000080006980                _ZNK5Chunk22getGlobalBlockRelativeEiii
                0x00000000800071a0                _ZN11TNTRenderer4tickEtiiiR5Chunk
                0x0000000080007300                _ZN12DoorRenderer12removedBlockEtiiiR5Chunk
                0x0000000080007500                _ZN13FluidRenderer19geometryNormalBlockEtiii10BLOCK_SIDER5Chunk
                0x0000000080007700                _ZN13GlassRenderer19geometryNormalBlockEtiii10BLOCK_SIDER5Chunk
                0x0000000080007840                _ZN5Chunk14isBlockPoweredEiiib
                0x0000000080007980                _ZNSt6vectorI6VERTEXSaIS0_EE17_M_realloc_insertIJS0_EEEvN9__gnu_cxx17__normal_iteratorIPS0_S2_EEDpOT_
                0x0000000080007c00                _ZN12CakeRenderer18renderSpecialBlockEt3FixILj8ElES1_S1_R5Chunk
                0x0000000080008b00                _ZN12DoorRenderer18renderSpecialBlockEt3FixILj8ElES1_S1_R5Chunk
                0x0000000080009620                _ZN13FluidRenderer18renderSpecialBlockEt3FixILj8ElES1_S1_R5Chunk
                0x000000008000aea0                _ZN21PressurePlateRenderer18renderSpecialBlockEt3FixILj8ElES1_S1_R5Chunk
                0x000000008000b220                _ZN14SwitchRenderer18renderSpecialBlockEt3FixILj8ElES1_S1_R5Chunk
                0x000000008000bd80                _ZN12WireRenderer18renderSpecialBlockEt3FixILj8ElES1_S1_R5Chunk
                0x000000008000d060                _ZN5Chunk13setLocalBlockEiiitb.part.0
                0x000000008000d240                _ZN5Chunk16changeLocalBlockEiiit
                0x000000008000d340                _ZN12DoorRenderer4tickEtiiiR5Chunk
                0x000000008000d5a0                _ZN12DoorRenderer6actionEtiiiR5Chunk
                0x000000008000d6e0                _ZN12DoorRenderer10addedBlockEtiiiR5Chunk
                0x000000008000d840                _ZN13FluidRenderer4tickEtiiiR5Chunk
                0x000000008000dcc0                _ZN12LampRenderer4tickEtiiiR5Chunk
                0x000000008000de60                _ZN21PressurePlateRenderer4tickEtiiiR5Chunk
                0x000000008000dfe0                _ZN21RedstoneTorchRenderer4tickEtiiiR5Chunk
                0x000000008000e160                _ZN13WheatRenderer4tickEtiiiR5Chunk
                0x000000008000e440                _ZN13WheatRenderer10addedBlockEtiiiR5Chunk
                0x000000008000e680                _ZN8HelpTaskD2Ev
                0x000000008000e680                _ZN8HelpTaskD1Ev
                0x000000008000e6a0                _ZN8MenuTaskD1Ev
                0x000000008000e6a0                _ZN8MenuTaskD2Ev
 .text          0x000000008000e6c0     0xc260 /tmp/cc1d81xV.ltrans1.ltrans.o
                0x000000008000e6c0                _ZN12WireRenderer10powersSideEt10BLOCK_SIDE
                0x000000008000e700                _ZN12WireRenderer7getNameEt
                0x000000008000e720                _ZN9WorldTask11makeCurrentEv
                0x000000008000e740                _Z17nglMultMatVectResPK6MATRIXPK6VERTEXPS2_
                0x000000008000f7c0                _ZN12WireRenderer12removedBlockEtiiiR5Chunk
                0x000000008000f8e0                _ZN12WireRenderer10addedBlockEtiiiR5Chunk
                0x000000008000fba0                _ZN12WireRenderer4tickEtiiiR5Chunk
                0x000000008000ffa0                _ZN9WorldTaskD0Ev
                0x00000000800142e0                _ZN9WorldTask6renderEv
                0x00000000800189a0                _ZN9WorldTask5logicEv
                0x000000008001a240                _ZN5WorldD1Ev
                0x000000008001a240                _ZN5WorldD2Ev
                0x000000008001a3a0                _ZN9WorldTaskD1Ev.lto_priv.0
                0x000000008001a3a0                _ZN9WorldTaskD2Ev.lto_priv.0
                0x000000008001a3c0                _Z14glLoadIdentityv
                0x000000008001a420                _Z13deleteTextureP7TEXTURE
                0x000000008001a460                _Z11drawTextureRK7TEXTURERS_tttttttt
                0x000000008001a8a0                _ZN12WireRenderer11drawPreviewEtR7TEXTUREii
 .text          0x000000008001a920     0x3920 /tmp/cc1d81xV.ltrans2.ltrans.o
                0x000000008001adc0                _ZN9__gnu_cxx13new_allocatorIiE8allocateEjPKv.constprop.0
                0x000000008001ae00                _Z13nglMultMatMatP6MATRIXS0_.constprop.0
                0x000000008001b3e0                _ZN13TorchRenderer11renderTorchE10BLOCK_SIDE3FixILj8ElES2_S2_17TextureAtlasEntryR5Chunk.constprop.0
                0x000000008001bca0                _ZNSt6vectorI12BLOCK_CHANGESaIS0_EE12emplace_backIJS0_EEEvDpOT_.constprop.0
                0x000000008001be80                _ZN19NormalBlockRenderer31shouldRenderFaceAndItsTheSameAsEiii10BLOCK_SIDER5Chunkt.constprop.0
                0x000000008001c000                _ZN5Chunk26addAlignedVertexForceColorEiii3FixILj8ElES1_t.constprop.0
                0x000000008001c420                _ZN13BlockRenderer25renderNormalBlockSideQuadEiii10BLOCK_SIDERK17TextureAtlasEntryR5Chunkt.constprop.0
                0x000000008001cc60                _ZNKSt8_Rb_treeISt5tupleIJiiiEESt4pairIKS1_P5ChunkESt10_Select1stIS6_ESt4lessIS1_ESaIS6_EE4findERS3_.constprop.0
                0x000000008001cd40                _ZL19getAdjacentRedstoneiiiR5ChunkR16AdjacentRedstone.constprop.0
                0x000000008001d020                _ZN5Chunk22setGlobalBlockRelativeEiiitb.constprop.0
                0x000000008001d180                _Z18drawTextureOverlayRK7TEXTUREjjRS_jjjj.constprop.0
                0x000000008001d2e0                _ZN9Inventory4drawER7TEXTURE.constprop.0
                0x000000008001d4c0                _Z10drawStringPKctR7TEXTUREjj.constprop.0
                0x000000008001d9c0                _Z10newTexturejjtbt.constprop.0
                0x000000008001da80                _ZNSt8_Rb_treeIhSt4pairIKhSt5tupleIJjjPKc3FixILj8ElES6_S6_EEESt10_Select1stIS8_ESt4lessIhESaIS8_EE22_M_emplace_hint_uniqueIJRKSt21piecewise_construct_tS2_IJOhEES2_IJEEEEESt17_Rb_tree_iteratorIS8_ESt23_Rb_tree_const_iteratorIS8_EDpOT_.constprop.0.isra.0
                0x000000008001dda0                _ZNSt8_Rb_treeISt5tupleIJiiiEESt4pairIKS1_P5ChunkESt10_Select1stIS6_ESt4lessIS1_ESaIS6_EE8_M_eraseEPSt13_Rb_tree_nodeIS6_E.isra.0
                0x000000008001df80                _ZN11TNTRenderer7explodeEiiiR5Chunk.isra.0
 .text          0x000000008001e240      0x108 n64/n64_memset.o
                0x000000008001e240                __n64_memset_ZERO_ASM
                0x000000008001e240                __n64_memset_ASM
 .text          0x000000008001e348      0x118 /opt/n64/lib/gcc/mips64-elf/11.2.0/../../../../mips64-elf/lib/libm.a(lib_a-s_round.o)
                0x000000008001e348                round
 .text          0x000000008001e460      0x100 /opt/n64/lib/gcc/mips64-elf/11.2.0/../../../../mips64-elf/lib/libm.a(lib_a-sf_sin.o)
                0x000000008001e460                sinf
 .text          0x000000008001e560      0x358 /opt/n64/lib/gcc/mips64-elf/11.2.0/../../../../mips64-elf/lib/libm.a(lib_a-ef_rem_pio2.o)
                0x000000008001e560                __ieee754_rem_pio2f
 .text          0x000000008001e8b8      0x190 /opt/n64/lib/gcc/mips64-elf/11.2.0/../../../../mips64-elf/lib/libm.a(lib_a-kf_cos.o)
                0x000000008001e8b8                __kernel_cosf
 .text          0x000000008001ea48      0x988 /opt/n64/lib/gcc/mips64-elf/11.2.0/../../../../mips64-elf/lib/libm.a(lib_a-kf_rem_pio2.o)
                0x000000008001ea48                __kernel_rem_pio2f
 .text          0x000000008001f3d0       0xd8 /opt/n64/lib/gcc/mips64-elf/11.2.0/../../../../mips64-elf/lib/libm.a(lib_a-kf_sin.o)
                0x000000008001f3d0                __kernel_sinf
 .text          0x000000008001f4a8       0x20 /opt/n64/lib/gcc/mips64-elf/11.2.0/../../../../mips64-elf/lib/libm.a(lib_a-sf_fabs.o)
                0x000000008001f4a8                fabsf
 .text          0x000000008001f4c8      0x108 /opt/n64/lib/gcc/mips64-elf/11.2.0/../../../../mips64-elf/lib/libm.a(lib_a-sf_floor.o)
                0x000000008001f4c8                floorf
 .text          0x000000008001f5d0      0x178 /opt/n64/lib/gcc/mips64-elf/11.2.0/../../../../mips64-elf/lib/libm.a(lib_a-sf_scalbn.o)
                0x000000008001f5d0                scalbnf
 .text          0x000000008001f748     0xa350 /opt/n64/lib/gcc/mips64-elf/11.2.0/../../../../mips64-elf/lib/libstdc++.a(cp-demangle.o)
                0x00000000800298d0                __cxa_demangle
                0x0000000080029a50                __gcclibcxx_demangle_callback
 .text          0x0000000080029a98       0x18 /opt/n64/lib/gcc/mips64-elf/11.2.0/../../../../mips64-elf/lib/libc.a(lib_a-abort.o)
                0x0000000080029a98                abort
 .text          0x0000000080029ab0       0x18 /opt/n64/lib/gcc/mips64-elf/11.2.0/../../../../mips64-elf/lib/libc.a(lib_a-cxa_atexit.o)
                0x0000000080029ab0                __cxa_atexit
 .text          0x0000000080029ac8        0x8 /opt/n64/lib/gcc/mips64-elf/11.2.0/../../../../mips64-elf/lib/libc.a(lib_a-errno.o)
                0x0000000080029ac8                __errno
 .text          0x0000000080029ad0      0x150 /opt/n64/lib/gcc/mips64-elf/11.2.0/../../../../mips64-elf/lib/libc.a(lib_a-fclose.o)
                0x0000000080029ad0                _fclose_r
                0x0000000080029c10                fclose
 .text          0x0000000080029c20      0x358 /opt/n64/lib/gcc/mips64-elf/11.2.0/../../../../mips64-elf/lib/libc.a(lib_a-fflush.o)
                0x0000000080029c20                __sflush_r
                0x0000000080029e88                _fflush_r
                0x0000000080029ef0                fflush
 .text          0x0000000080029f78      0x3c8 /opt/n64/lib/gcc/mips64-elf/11.2.0/../../../../mips64-elf/lib/libc.a(lib_a-findfp.o)
                0x0000000080029f80                _cleanup_r
                0x000000008002a118                __sfmoreglue
                0x000000008002a190                __sfp
                0x000000008002a2d0                _cleanup
                0x000000008002a2e0                __sinit
                0x000000008002a300                __sfp_lock_acquire
                0x000000008002a308                __sfp_lock_release
                0x000000008002a310                __sinit_lock_acquire
                0x000000008002a318                __sinit_lock_release
                0x000000008002a320                __fp_lock_all
                0x000000008002a330                __fp_unlock_all
 .text          0x000000008002a340       0x68 /opt/n64/lib/gcc/mips64-elf/11.2.0/../../../../mips64-elf/lib/libc.a(lib_a-fprintf.o)
                0x000000008002a340                _fprintf_r
                0x000000008002a368                fprintf
 .text          0x000000008002a3a8       0xd0 /opt/n64/lib/gcc/mips64-elf/11.2.0/../../../../mips64-elf/lib/libc.a(lib_a-fputc.o)
                0x000000008002a3a8                _fputc_r
                0x000000008002a408                fputc
 .text          0x000000008002a478       0xc0 /opt/n64/lib/gcc/mips64-elf/11.2.0/../../../../mips64-elf/lib/libc.a(lib_a-fputs.o)
                0x000000008002a478                _fputs_r
                0x000000008002a520                fputs
 .text          0x000000008002a538      0x480 /opt/n64/lib/gcc/mips64-elf/11.2.0/../../../../mips64-elf/lib/libc.a(lib_a-freer.o)
                0x000000008002a538                _malloc_trim_r
                0x000000008002a668                _free_r
 .text          0x000000008002a9b8       0x58 /opt/n64/lib/gcc/mips64-elf/11.2.0/../../../../mips64-elf/lib/libc.a(lib_a-fstatr.o)
                0x000000008002a9b8                _fstat_r
 .text          0x000000008002aa10      0x570 /opt/n64/lib/gcc/mips64-elf/11.2.0/../../../../mips64-elf/lib/libc.a(lib_a-fvwrite.o)
                0x000000008002aa10                __sfvwrite_r
 .text          0x000000008002af80      0x170 /opt/n64/lib/gcc/mips64-elf/11.2.0/../../../../mips64-elf/lib/libc.a(lib_a-fwalk.o)
                0x000000008002af80                _fwalk
                0x000000008002b030                _fwalk_reent
 .text          0x000000008002b0f0      0x1f8 /opt/n64/lib/gcc/mips64-elf/11.2.0/../../../../mips64-elf/lib/libc.a(lib_a-fwrite.o)
                0x000000008002b0f0                _fwrite_r
                0x000000008002b1f8                fwrite
 .text          0x000000008002b2e8      0x288 /opt/n64/lib/gcc/mips64-elf/11.2.0/../../../../mips64-elf/lib/libc.a(lib_a-makebuf.o)
                0x000000008002b2e8                __smakebuf_r
                0x000000008002b4a0                __swhatbuf_r
 .text          0x000000008002b570       0x18 /opt/n64/lib/gcc/mips64-elf/11.2.0/../../../../mips64-elf/lib/libc.a(lib_a-malign.o)
                0x000000008002b570                memalign
 .text          0x000000008002b588      0x200 /opt/n64/lib/gcc/mips64-elf/11.2.0/../../../../mips64-elf/lib/libc.a(lib_a-malignr.o)
                0x000000008002b588                _memalign_r
 .text          0x000000008002b788       0x20 /opt/n64/lib/gcc/mips64-elf/11.2.0/../../../../mips64-elf/lib/libc.a(lib_a-malloc.o)
                0x000000008002b788                malloc
                0x000000008002b798                free
 .text          0x000000008002b7a8      0x898 /opt/n64/lib/gcc/mips64-elf/11.2.0/../../../../mips64-elf/lib/libc.a(lib_a-mallocr.o)
                0x000000008002b7a8                _malloc_r
 .text          0x000000008002c040       0xf0 /opt/n64/lib/gcc/mips64-elf/11.2.0/../../../../mips64-elf/lib/libc.a(lib_a-memchr.o)
                0x000000008002c040                memchr
 .text          0x000000008002c130       0x80 /opt/n64/lib/gcc/mips64-elf/11.2.0/../../../../mips64-elf/lib/libc.a(lib_a-memcmp.o)
                0x000000008002c130                memcmp
 .text          0x000000008002c1b0      0x370 /opt/n64/lib/gcc/mips64-elf/11.2.0/../../../../mips64-elf/lib/libc.a(lib_a-memcpy.o)
                0x000000008002c1b0                memcpy
 .text          0x000000008002c520      0x150 /opt/n64/lib/gcc/mips64-elf/11.2.0/../../../../mips64-elf/lib/libc.a(lib_a-memmove.o)
                0x000000008002c520                memmove
 .text          0x000000008002c670      0x11c /opt/n64/lib/gcc/mips64-elf/11.2.0/../../../../mips64-elf/lib/libc.a(lib_a-memset.o)
                0x000000008002c670                memset
 *fill*         0x000000008002c78c        0x4 
 .text          0x000000008002c790       0x10 /opt/n64/lib/gcc/mips64-elf/11.2.0/../../../../mips64-elf/lib/libc.a(lib_a-mlock.o)
                0x000000008002c790                __malloc_lock
                0x000000008002c798                __malloc_unlock
 .text          0x000000008002c7a0      0x160 /opt/n64/lib/gcc/mips64-elf/11.2.0/../../../../mips64-elf/lib/libc.a(lib_a-putc.o)
                0x000000008002c7a0                _putc_r
                0x000000008002c848                putc
 .text          0x000000008002c900       0x58 /opt/n64/lib/gcc/mips64-elf/11.2.0/../../../../mips64-elf/lib/libc.a(lib_a-rand.o)
                0x000000008002c900                srand
                0x000000008002c918                rand
 .text          0x000000008002c958       0x18 /opt/n64/lib/gcc/mips64-elf/11.2.0/../../../../mips64-elf/lib/libc.a(lib_a-realloc.o)
                0x000000008002c958                realloc
 .text          0x000000008002c970      0x5f8 /opt/n64/lib/gcc/mips64-elf/11.2.0/../../../../mips64-elf/lib/libc.a(lib_a-reallocr.o)
                0x000000008002c970                _realloc_r
 .text          0x000000008002cf68       0x50 /opt/n64/lib/gcc/mips64-elf/11.2.0/../../../../mips64-elf/lib/libc.a(lib_a-sbrkr.o)
                0x000000008002cf68                _sbrk_r
 .text          0x000000008002cfb8      0x5d8 /opt/n64/lib/gcc/mips64-elf/11.2.0/../../../../mips64-elf/lib/libc.a(lib_a-signal.o)
                0x000000008002cfb8                _init_signal_r
                0x000000008002d020                _signal_r
                0x000000008002d0d8                _raise_r
                0x000000008002d1a8                __sigtramp_r
                0x000000008002d298                raise
                0x000000008002d378                signal
                0x000000008002d438                _init_signal
                0x000000008002d4a8                __sigtramp
 .text          0x000000008002d590       0x60 /opt/n64/lib/gcc/mips64-elf/11.2.0/../../../../mips64-elf/lib/libc.a(lib_a-signalr.o)
                0x000000008002d590                _kill_r
                0x000000008002d5e8                _getpid_r
 .text          0x000000008002d5f0       0xd8 /opt/n64/lib/gcc/mips64-elf/11.2.0/../../../../mips64-elf/lib/libc.a(lib_a-sprintf.o)
                0x000000008002d5f0                _sprintf_r
                0x000000008002d658                sprintf
 .text          0x000000008002d6c8      0x188 /opt/n64/lib/gcc/mips64-elf/11.2.0/../../../../mips64-elf/lib/libc.a(lib_a-stdio.o)
                0x000000008002d6c8                __sread
                0x000000008002d720                __seofread
                0x000000008002d728                __swrite
                0x000000008002d7e8                __sseek
                0x000000008002d848                __sclose
 .text          0x000000008002d850      0x240 /opt/n64/lib/gcc/mips64-elf/11.2.0/../../../../mips64-elf/lib/libc.a(lib_a-strcmp.o)
                0x000000008002d850                strcmp
 .text          0x000000008002da90       0xa8 /opt/n64/lib/gcc/mips64-elf/11.2.0/../../../../mips64-elf/lib/libc.a(lib_a-strcpy.o)
                0x000000008002da90                strcpy
 .text          0x000000008002db38       0x18 /opt/n64/lib/gcc/mips64-elf/11.2.0/../../../../mips64-elf/lib/libc.a(lib_a-strlen.o)
                0x000000008002db38                strlen
 .text          0x000000008002db50       0xf8 /opt/n64/lib/gcc/mips64-elf/11.2.0/../../../../mips64-elf/lib/libc.a(lib_a-strncmp.o)
                0x000000008002db50                strncmp
 .text          0x000000008002dc48     0x1f30 /opt/n64/lib/gcc/mips64-elf/11.2.0/../../../../mips64-elf/lib/libc.a(lib_a-svfprintf.o)
                0x000000008002dc48                _svfprintf_r
 .text          0x000000008002fb78     0x20b0 /opt/n64/lib/gcc/mips64-elf/11.2.0/../../../../mips64-elf/lib/libc.a(lib_a-vfprintf.o)
                0x000000008002fb78                _vfprintf_r
                0x0000000080031b40                vfprintf
 .text          0x0000000080031c28      0x1b8 /opt/n64/lib/gcc/mips64-elf/11.2.0/../../../../mips64-elf/lib/libc.a(lib_a-wbuf.o)
                0x0000000080031c28                __swbuf_r
                0x0000000080031dc8                __swbuf
 .text          0x0000000080031de0       0x60 /opt/n64/lib/gcc/mips64-elf/11.2.0/../../../../mips64-elf/lib/libc.a(lib_a-writer.o)
                0x0000000080031de0                _write_r
 .text          0x0000000080031e40      0x178 /opt/n64/lib/gcc/mips64-elf/11.2.0/../../../../mips64-elf/lib/libc.a(lib_a-wsetup.o)
                0x0000000080031e40                __swsetup_r
 .text          0x0000000080031fb8       0xb8 /opt/n64/lib/gcc/mips64-elf/11.2.0/../../../../mips64-elf/lib/libc.a(lib_a-__atexit.o)
                0x0000000080031fb8                __register_exitproc
 .text          0x0000000080032070       0x50 /opt/n64/lib/gcc/mips64-elf/11.2.0/../../../../mips64-elf/lib/libc.a(lib_a-closer.o)
                0x0000000080032070                _close_r
 .text          0x00000000800320c0     0x1678 /opt/n64/lib/gcc/mips64-elf/11.2.0/../../../../mips64-elf/lib/libc.a(lib_a-dtoa.o)
                0x0000000080032310                _dtoa_r
 .text          0x0000000080033738       0x50 /opt/n64/lib/gcc/mips64-elf/11.2.0/../../../../mips64-elf/lib/libc.a(lib_a-isattyr.o)
                0x0000000080033738                _isatty_r
 .text          0x0000000080033788       0x28 /opt/n64/lib/gcc/mips64-elf/11.2.0/../../../../mips64-elf/lib/libc.a(lib_a-localeconv.o)
                0x0000000080033788                __localeconv_l
                0x0000000080033790                _localeconv_r
                0x00000000800337a0                localeconv
 .text          0x00000000800337b0       0x60 /opt/n64/lib/gcc/mips64-elf/11.2.0/../../../../mips64-elf/lib/libc.a(lib_a-lseekr.o)
                0x00000000800337b0                _lseek_r
 .text          0x0000000080033810     0x1410 /opt/n64/lib/gcc/mips64-elf/11.2.0/../../../../mips64-elf/lib/libc.a(lib_a-mprec.o)
                0x0000000080033810                _Balloc
                0x00000000800338c0                _Bfree
                0x00000000800338f0                __multadd
                0x0000000080033a50                __s2b
                0x0000000080033bd0                __hi0bits
                0x0000000080033c50                __lo0bits
                0x0000000080033d18                __i2b
                0x0000000080033df0                __multiply
                0x0000000080034080                __pow5mult
                0x00000000800341f0                __lshift
                0x00000000800343a8                __mcmp
                0x0000000080034410                __mdiff
                0x0000000080034678                __ulp
                0x0000000080034728                __b2d
                0x00000000800348b0                __d2b
                0x0000000080034a18                __ratio
                0x0000000080034ad8                _mprec_log10
                0x0000000080034b18                __copybits
                0x0000000080034ba0                __any_on
 .text          0x0000000080034c20       0x60 /opt/n64/lib/gcc/mips64-elf/11.2.0/../../../../mips64-elf/lib/libc.a(lib_a-readr.o)
                0x0000000080034c20                _read_r
 .text          0x0000000080034c80     0x1100 /opt/n64/lib/gcc/mips64-elf/11.2.0/../../../../mips64-elf/lib/libc.a(lib_a-svfiprintf.o)
                0x0000000080034c80                __ssprint_r
                0x0000000080034ec0                _svfiprintf_r
 .text          0x0000000080035d80     0x1370 /opt/n64/lib/gcc/mips64-elf/11.2.0/../../../../mips64-elf/lib/libc.a(lib_a-vfiprintf.o)
                0x0000000080035eb8                __sprint_r
                0x0000000080035ed8                _vfiprintf_r
                0x0000000080037008                vfiprintf
 .text          0x00000000800370f0      0x118 /opt/n64/lib/gcc/mips64-elf/11.2.0/../../../../mips64-elf/lib/libc.a(lib_a-callocr.o)
                0x00000000800370f0                _calloc_r
 .text          0x0000000080037208      0x248 /opt/n64/lib/gcc/mips64-elf/11.2.0/../../../../mips64-elf/lib/libc.a(lib_a-fputwc.o)
                0x0000000080037208                __fputwc
                0x00000000800373b0                _fputwc_r
                0x00000000800373d8                fputwc
 .text          0x0000000080037450      0x120 /opt/n64/lib/gcc/mips64-elf/11.2.0/../../../../mips64-elf/lib/libc.a(lib_a-locale.o)
                0x0000000080037450                _setlocale_r
                0x00000000800374d8                __locale_mb_cur_max
                0x00000000800374e8                setlocale
 .text          0x0000000080037570       0x70 /opt/n64/lib/gcc/mips64-elf/11.2.0/../../../../mips64-elf/lib/libc.a(lib_a-mbtowc_r.o)
                0x0000000080037570                _mbtowc_r
                0x0000000080037580                __ascii_mbtowc
 .text          0x00000000800375e0      0x110 /opt/n64/lib/gcc/mips64-elf/11.2.0/../../../../mips64-elf/lib/libc.a(lib_a-wcrtomb.o)
                0x00000000800375e0                _wcrtomb_r
                0x0000000080037660                wcrtomb
 .text          0x00000000800376f0       0x48 /opt/n64/lib/gcc/mips64-elf/11.2.0/../../../../mips64-elf/lib/libc.a(lib_a-wctomb_r.o)
                0x00000000800376f0                _wctomb_r
                0x0000000080037700                __ascii_wctomb
 .text          0x0000000080037738       0x70 /opt/n64/lib/gcc/mips64-elf/11.2.0/../../../../mips64-elf/lib/libc.a(lib_a-printf.o)
                0x0000000080037738                _printf_r
                0x0000000080037768                printf
 .text          0x00000000800377a8       0xd8 /opt/n64/lib/gcc/mips64-elf/11.2.0/../../../../mips64-elf/lib/libc.a(lib_a-puts.o)
                0x00000000800377a8                _puts_r
                0x0000000080037870                puts
 .text          0x0000000080037880     0x3a00 /opt/n64/lib/gcc/mips64-elf/11.2.0/libgcc.a(unwind-dw2.o)
                0x000000008003a630                _Unwind_GetGR
                0x000000008003a6b0                _Unwind_GetCFA
                0x000000008003a6b8                _Unwind_SetGR
                0x000000008003a740                _Unwind_GetIP
                0x000000008003a748                _Unwind_GetIPInfo
                0x000000008003a760                _Unwind_SetIP
                0x000000008003a768                _Unwind_GetLanguageSpecificData
                0x000000008003a770                _Unwind_GetRegionStart
                0x000000008003a778                _Unwind_FindEnclosingFunction
                0x000000008003a7a0                _Unwind_GetDataRelBase
                0x000000008003a7a8                _Unwind_GetTextRelBase
                0x000000008003a7b0                __frame_state_for
                0x000000008003a8d8                _Unwind_RaiseException
                0x000000008003abd0                _Unwind_ForcedUnwind
                0x000000008003ad68                _Unwind_Resume
                0x000000008003aef8                _Unwind_Resume_or_Rethrow
                0x000000008003b088                _Unwind_DeleteException
                0x000000008003b0a8                _Unwind_Backtrace
 .text          0x000000008003b280     0x1d80 /opt/n64/lib/gcc/mips64-elf/11.2.0/libgcc.a(unwind-dw2-fde.o)
                0x000000008003cb10                __register_frame_info_bases
                0x000000008003cb58                __register_frame_info
                0x000000008003cba0                __register_frame
                0x000000008003cc10                __register_frame_info_table_bases
                0x000000008003cc40                __register_frame_info_table
                0x000000008003cc70                __register_frame_table
                0x000000008003ccc8                __deregister_frame_info_bases
                0x000000008003cdb0                __deregister_frame_info
                0x000000008003cdb8                __deregister_frame
                0x000000008003cdf0                _Unwind_Find_FDE
 .text          0x000000008003d000      0x538 /opt/n64/lib/gcc/mips64-elf/11.2.0/libgcc.a(unwind-c.o)
                0x000000008003d228                __gcc_personality_v0
 *(.text.*)
 .text.debug_assert_func_f
                0x000000008003d538       0xcc /opt/n64/mips64-elf/lib/libdragon.a(debug.o)
                0x000000008003d538                debug_assert_func_f
 .text.debug_assert_func
                0x000000008003d604       0x14 /opt/n64/mips64-elf/lib/libdragon.a(debug.o)
                0x000000008003d604                debug_assert_func
 .text.__console_render
                0x000000008003d618      0x114 /opt/n64/mips64-elf/lib/libdragon.a(console.o)
 .text.__console_write
                0x000000008003d72c      0x194 /opt/n64/mips64-elf/lib/libdragon.a(console.o)
 .text.console_set_render_mode
                0x000000008003d8c0        0x8 /opt/n64/mips64-elf/lib/libdragon.a(console.o)
                0x000000008003d8c0                console_set_render_mode
 .text.console_close
                0x000000008003d8c8       0x44 /opt/n64/mips64-elf/lib/libdragon.a(console.o)
                0x000000008003d8c8                console_close
 .text.console_clear
                0x000000008003d90c       0x64 /opt/n64/mips64-elf/lib/libdragon.a(console.o)
                0x000000008003d90c                console_clear
 .text.console_init
                0x000000008003d970       0x7c /opt/n64/mips64-elf/lib/libdragon.a(console.o)
                0x000000008003d970                console_init
 .text.console_render
                0x000000008003d9ec       0x24 /opt/n64/mips64-elf/lib/libdragon.a(console.o)
                0x000000008003d9ec                console_render
 .text.console_set_debug
                0x000000008003da10        0x8 /opt/n64/mips64-elf/lib/libdragon.a(console.o)
                0x000000008003da10                console_set_debug
 .text.graphics_set_color
                0x000000008003da18        0xc /opt/n64/mips64-elf/lib/libdragon.a(graphics.o)
                0x000000008003da18                graphics_set_color
 .text.graphics_fill_screen
                0x000000008003da24       0x74 /opt/n64/mips64-elf/lib/libdragon.a(graphics.o)
                0x000000008003da24                graphics_fill_screen
 .text.graphics_draw_character
                0x000000008003da98      0x168 /opt/n64/mips64-elf/lib/libdragon.a(graphics.o)
                0x000000008003da98                graphics_draw_character
 .text.__io_read16
                0x000000008003dc00       0x44 /opt/n64/mips64-elf/lib/libdragon.a(dma.o)
 .text.dma_read_raw_async
                0x000000008003dc44       0x98 /opt/n64/mips64-elf/lib/libdragon.a(dma.o)
                0x000000008003dc44                dma_read_raw_async
 .text.dma_read_async
                0x000000008003dcdc      0x1fc /opt/n64/mips64-elf/lib/libdragon.a(dma.o)
                0x000000008003dcdc                dma_read_async
 .text.dma_wait
                0x000000008003ded8       0x1c /opt/n64/mips64-elf/lib/libdragon.a(dma.o)
                0x000000008003ded8                dma_wait
 .text.dma_read
                0x000000008003def4       0x1c /opt/n64/mips64-elf/lib/libdragon.a(dma.o)
                0x000000008003def4                dma_read
 .text.__wrap___do_global_ctors
                0x000000008003df10       0xb4 /opt/n64/mips64-elf/lib/libdragon.a(do_ctors.o)
                0x000000008003df10                __wrap___do_global_ctors
 .text.sys_bbplayer
                0x000000008003dfc4        0xc /opt/n64/mips64-elf/lib/libdragon.a(n64sys.o)
                0x000000008003dfc4                sys_bbplayer
 .text.data_cache_hit_writeback
                0x000000008003dfd0       0x38 /opt/n64/mips64-elf/lib/libdragon.a(n64sys.o)
                0x000000008003dfd0                data_cache_hit_writeback
 .text.__data_cache_hit_invalidate
                0x000000008003e008       0x38 /opt/n64/mips64-elf/lib/libdragon.a(n64sys.o)
                0x000000008003e008                __data_cache_hit_invalidate
 .text.data_cache_hit_writeback_invalidate
                0x000000008003e040       0x38 /opt/n64/mips64-elf/lib/libdragon.a(n64sys.o)
                0x000000008003e040                data_cache_hit_writeback_invalidate
 .text.get_memory_size
                0x000000008003e078       0x48 /opt/n64/mips64-elf/lib/libdragon.a(n64sys.o)
                0x000000008003e078                get_memory_size
 .text.is_memory_expanded
                0x000000008003e0c0       0x28 /opt/n64/mips64-elf/lib/libdragon.a(n64sys.o)
                0x000000008003e0c0                is_memory_expanded
 .text.get_tv_type
                0x000000008003e0e8        0xc /opt/n64/mips64-elf/lib/libdragon.a(n64sys.o)
                0x000000008003e0e8                get_tv_type
 .text.startup.__init_cop1
                0x000000008003e0f4       0x14 /opt/n64/mips64-elf/lib/libdragon.a(n64sys.o)
                0x000000008003e0f4                __init_cop1
 .text.__call_callback
                0x000000008003e108       0x40 /opt/n64/mips64-elf/lib/libdragon.a(interrupt.o)
 .text.__unregister_callback
                0x000000008003e148       0x44 /opt/n64/mips64-elf/lib/libdragon.a(interrupt.o)
 .text.__register_callback.part.0
                0x000000008003e18c       0x50 /opt/n64/mips64-elf/lib/libdragon.a(interrupt.o)
 .text.__MI_handler
                0x000000008003e1dc       0xf4 /opt/n64/mips64-elf/lib/libdragon.a(interrupt.o)
                0x000000008003e1dc                __MI_handler
 .text.__TI_handler
                0x000000008003e2d0        0x8 /opt/n64/mips64-elf/lib/libdragon.a(interrupt.o)
                0x000000008003e2d0                __TI_handler
 .text.register_VI_handler
                0x000000008003e2d8        0xc /opt/n64/mips64-elf/lib/libdragon.a(interrupt.o)
                0x000000008003e2d8                register_VI_handler
 .text.unregister_VI_handler
                0x000000008003e2e4        0xc /opt/n64/mips64-elf/lib/libdragon.a(interrupt.o)
                0x000000008003e2e4                unregister_VI_handler
 .text.register_SI_handler
                0x000000008003e2f0        0xc /opt/n64/mips64-elf/lib/libdragon.a(interrupt.o)
                0x000000008003e2f0                register_SI_handler
 .text.set_VI_interrupt
                0x000000008003e2fc       0x30 /opt/n64/mips64-elf/lib/libdragon.a(interrupt.o)
                0x000000008003e2fc                set_VI_interrupt
 .text.set_SI_interrupt
                0x000000008003e32c       0x1c /opt/n64/mips64-elf/lib/libdragon.a(interrupt.o)
                0x000000008003e32c                set_SI_interrupt
 .text.startup.__init_interrupts
                0x000000008003e348       0x2c /opt/n64/mips64-elf/lib/libdragon.a(interrupt.o)
                0x000000008003e348                __init_interrupts
 .text.disable_interrupts
                0x000000008003e374       0x3c /opt/n64/mips64-elf/lib/libdragon.a(interrupt.o)
                0x000000008003e374                disable_interrupts
 .text.enable_interrupts
                0x000000008003e3b0       0x64 /opt/n64/mips64-elf/lib/libdragon.a(interrupt.o)
                0x000000008003e3b0                enable_interrupts
 .text.__display_callback
                0x000000008003e414       0x6c /opt/n64/mips64-elf/lib/libdragon.a(display.o)
 .text.__write_registers.part.0
                0x000000008003e480       0x3c /opt/n64/mips64-elf/lib/libdragon.a(display.o)
 .text.display_init
                0x000000008003e4bc      0x340 /opt/n64/mips64-elf/lib/libdragon.a(display.o)
                0x000000008003e4bc                display_init
 .text.display_close
                0x000000008003e7fc       0xb4 /opt/n64/mips64-elf/lib/libdragon.a(display.o)
                0x000000008003e7fc                display_close
 .text.display_lock
                0x000000008003e8b0       0x74 /opt/n64/mips64-elf/lib/libdragon.a(display.o)
                0x000000008003e8b0                display_lock
 .text.display_show
                0x000000008003e924       0x78 /opt/n64/mips64-elf/lib/libdragon.a(display.o)
                0x000000008003e924                display_show
 .text.display_show_force
                0x000000008003e99c       0x2c /opt/n64/mips64-elf/lib/libdragon.a(display.o)
                0x000000008003e99c                display_show_force
 .text.exception_default_handler
                0x000000008003e9c8      0x74c /opt/n64/mips64-elf/lib/libdragon.a(exception.o)
                0x000000008003e9c8                exception_default_handler
 .text.__onCriticalException
                0x000000008003f114       0x5c /opt/n64/mips64-elf/lib/libdragon.a(exception.o)
                0x000000008003f114                __onCriticalException
 .text.__onResetException
                0x000000008003f170       0x5c /opt/n64/mips64-elf/lib/libdragon.a(exception.o)
                0x000000008003f170                __onResetException
 .text.__strlen
                0x000000008003f1cc       0x20 /opt/n64/mips64-elf/lib/libdragonsys.a(system.o)
 .text.__strncmp
                0x000000008003f1ec       0x50 /opt/n64/mips64-elf/lib/libdragonsys.a(system.o)
 .text.__get_fs_pointer_by_handle
                0x000000008003f23c       0x68 /opt/n64/mips64-elf/lib/libdragonsys.a(system.o)
 .text.__get_fs_handle
                0x000000008003f2a4       0x54 /opt/n64/mips64-elf/lib/libdragonsys.a(system.o)
 .text.attach_filesystem
                0x000000008003f2f8      0x170 /opt/n64/mips64-elf/lib/libdragonsys.a(system.o)
                0x000000008003f2f8                attach_filesystem
 .text.close    0x000000008003f468       0x90 /opt/n64/mips64-elf/lib/libdragonsys.a(system.o)
                0x000000008003f468                close
 .text._exit    0x000000008003f4f8        0x8 /opt/n64/mips64-elf/lib/libdragonsys.a(system.o)
                0x000000008003f4f8                _exit
 .text.fstat    0x000000008003f500       0x78 /opt/n64/mips64-elf/lib/libdragonsys.a(system.o)
                0x000000008003f500                fstat
 .text.getpid   0x000000008003f578       0x14 /opt/n64/mips64-elf/lib/libdragonsys.a(system.o)
                0x000000008003f578                getpid
 .text.isatty   0x000000008003f58c       0x24 /opt/n64/mips64-elf/lib/libdragonsys.a(system.o)
                0x000000008003f58c                isatty
 .text.kill     0x000000008003f5b0       0x14 /opt/n64/mips64-elf/lib/libdragonsys.a(system.o)
                0x000000008003f5b0                kill
 .text.lseek    0x000000008003f5c4       0x6c /opt/n64/mips64-elf/lib/libdragonsys.a(system.o)
                0x000000008003f5c4                lseek
 .text.read     0x000000008003f630       0xb4 /opt/n64/mips64-elf/lib/libdragonsys.a(system.o)
                0x000000008003f630                read
 .text.sbrk     0x000000008003f6e4       0x8c /opt/n64/mips64-elf/lib/libdragonsys.a(system.o)
                0x000000008003f6e4                sbrk
 .text.write    0x000000008003f770       0xbc /opt/n64/mips64-elf/lib/libdragonsys.a(system.o)
                0x000000008003f770                write
 .text.hook_stdio_calls
                0x000000008003f82c       0x48 /opt/n64/mips64-elf/lib/libdragonsys.a(system.o)
                0x000000008003f82c                hook_stdio_calls
 .text.unhook_stdio_calls
                0x000000008003f874       0x40 /opt/n64/mips64-elf/lib/libdragonsys.a(system.o)
                0x000000008003f874                unhook_stdio_calls
 .text.__assert_func
                0x000000008003f8b4       0x20 /opt/n64/mips64-elf/lib/libdragonsys.a(system.o)
                0x000000008003f8b4                __assert_func
 *fill*         0x000000008003f8d4        0xc 
 .text.startup  0x000000008003f8e0     0x17a0 /tmp/cc1d81xV.ltrans0.ltrans.o
                0x000000008003f8e0                _ZN17BillboardRenderer8setEntryEhjjPKc3FixILj8ElES3_S3_
                0x000000008003fc80                _ZNSt14__shared_countILN9__gnu_cxx12_Lock_policyE0EED1Ev
                0x000000008003fc80                _ZNSt14__shared_countILN9__gnu_cxx12_Lock_policyE0EED2Ev.lto_priv.0
                0x000000008003fd00                main
                0x0000000080041020                _ZNSt27__uninitialized_default_n_1ILb1EE18__uninit_default_nIPijEET_S3_T0_.part.0.lto_priv.0
 .text.startup  0x0000000080041080     0x1be0 /tmp/cc1d81xV.ltrans2.ltrans.o
 .text.peek_directory
                0x0000000080042c60       0x30 /opt/n64/lib/gcc/mips64-elf/11.2.0/../../../../mips64-elf/lib/libdragon.a(dragonfs.o)
 .text.grab_sector
                0x0000000080042c90       0x4c /opt/n64/lib/gcc/mips64-elf/11.2.0/../../../../mips64-elf/lib/libdragon.a(dragonfs.o)
 .text.find_open_file
                0x0000000080042cdc       0x50 /opt/n64/lib/gcc/mips64-elf/11.2.0/../../../../mips64-elf/lib/libdragon.a(dragonfs.o)
 .text.get_next_token
                0x0000000080042d2c       0x80 /opt/n64/lib/gcc/mips64-elf/11.2.0/../../../../mips64-elf/lib/libdragon.a(dragonfs.o)
 .text.recurse_path
                0x0000000080042dac      0x290 /opt/n64/lib/gcc/mips64-elf/11.2.0/../../../../mips64-elf/lib/libdragon.a(dragonfs.o)
 .text.dfs_chdir
                0x000000008004303c       0x20 /opt/n64/lib/gcc/mips64-elf/11.2.0/../../../../mips64-elf/lib/libdragon.a(dragonfs.o)
                0x000000008004303c                dfs_chdir
 .text.dfs_dir_findfirst
                0x000000008004305c       0x74 /opt/n64/lib/gcc/mips64-elf/11.2.0/../../../../mips64-elf/lib/libdragon.a(dragonfs.o)
                0x000000008004305c                dfs_dir_findfirst
 .text.__findfirst
                0x00000000800430d0       0x6c /opt/n64/lib/gcc/mips64-elf/11.2.0/../../../../mips64-elf/lib/libdragon.a(dragonfs.o)
 .text.dfs_dir_findnext
                0x000000008004313c       0x64 /opt/n64/lib/gcc/mips64-elf/11.2.0/../../../../mips64-elf/lib/libdragon.a(dragonfs.o)
                0x000000008004313c                dfs_dir_findnext
 .text.__findnext
                0x00000000800431a0       0x64 /opt/n64/lib/gcc/mips64-elf/11.2.0/../../../../mips64-elf/lib/libdragon.a(dragonfs.o)
 .text.dfs_open
                0x0000000080043204       0xd8 /opt/n64/lib/gcc/mips64-elf/11.2.0/../../../../mips64-elf/lib/libdragon.a(dragonfs.o)
                0x0000000080043204                dfs_open
 .text.__open   0x00000000800432dc       0x3c /opt/n64/lib/gcc/mips64-elf/11.2.0/../../../../mips64-elf/lib/libdragon.a(dragonfs.o)
 .text.dfs_close
                0x0000000080043318       0x38 /opt/n64/lib/gcc/mips64-elf/11.2.0/../../../../mips64-elf/lib/libdragon.a(dragonfs.o)
                0x0000000080043318                dfs_close
 .text.__close  0x0000000080043350        0x8 /opt/n64/lib/gcc/mips64-elf/11.2.0/../../../../mips64-elf/lib/libdragon.a(dragonfs.o)
 .text.dfs_seek
                0x0000000080043358       0x84 /opt/n64/lib/gcc/mips64-elf/11.2.0/../../../../mips64-elf/lib/libdragon.a(dragonfs.o)
                0x0000000080043358                dfs_seek
 .text.dfs_tell
                0x00000000800433dc       0x2c /opt/n64/lib/gcc/mips64-elf/11.2.0/../../../../mips64-elf/lib/libdragon.a(dragonfs.o)
                0x00000000800433dc                dfs_tell
 .text.__lseek  0x0000000080043408       0x20 /opt/n64/lib/gcc/mips64-elf/11.2.0/../../../../mips64-elf/lib/libdragon.a(dragonfs.o)
 .text.dfs_read
                0x0000000080043428      0x210 /opt/n64/lib/gcc/mips64-elf/11.2.0/../../../../mips64-elf/lib/libdragon.a(dragonfs.o)
                0x0000000080043428                dfs_read
 .text.__read   0x0000000080043638       0x14 /opt/n64/lib/gcc/mips64-elf/11.2.0/../../../../mips64-elf/lib/libdragon.a(dragonfs.o)
 .text.dfs_size
                0x000000008004364c       0x2c /opt/n64/lib/gcc/mips64-elf/11.2.0/../../../../mips64-elf/lib/libdragon.a(dragonfs.o)
                0x000000008004364c                dfs_size
 .text.__fstat  0x0000000080043678       0x48 /opt/n64/lib/gcc/mips64-elf/11.2.0/../../../../mips64-elf/lib/libdragon.a(dragonfs.o)
 .text.dfs_init
                0x00000000800436c0       0xa4 /opt/n64/lib/gcc/mips64-elf/11.2.0/../../../../mips64-elf/lib/libdragon.a(dragonfs.o)
                0x00000000800436c0                dfs_init
 .text.controller_interrupt_update
                0x0000000080043764       0x2c /opt/n64/lib/gcc/mips64-elf/11.2.0/../../../../mips64-elf/lib/libdragon.a(controller.o)
 .text.controller_interrupt
                0x0000000080043790       0x38 /opt/n64/lib/gcc/mips64-elf/11.2.0/../../../../mips64-elf/lib/libdragon.a(controller.o)
 .text.controller_init
                0x00000000800437c8       0x58 /opt/n64/lib/gcc/mips64-elf/11.2.0/../../../../mips64-elf/lib/libdragon.a(controller.o)
                0x00000000800437c8                controller_init
 .text.controller_scan
                0x0000000080043820       0x54 /opt/n64/lib/gcc/mips64-elf/11.2.0/../../../../mips64-elf/lib/libdragon.a(controller.o)
                0x0000000080043820                controller_scan
 .text.get_keys_down
                0x0000000080043874       0x7c /opt/n64/lib/gcc/mips64-elf/11.2.0/../../../../mips64-elf/lib/libdragon.a(controller.o)
                0x0000000080043874                get_keys_down
 .text.get_keys_held
                0x00000000800438f0       0x78 /opt/n64/lib/gcc/mips64-elf/11.2.0/../../../../mips64-elf/lib/libdragon.a(controller.o)
                0x00000000800438f0                get_keys_held
 .text.joybus_poll
                0x0000000080043968       0xac /opt/n64/lib/gcc/mips64-elf/11.2.0/../../../../mips64-elf/lib/libdragon.a(joybus.o)
 .text.si_interrupt
                0x0000000080043a14      0x12c /opt/n64/lib/gcc/mips64-elf/11.2.0/../../../../mips64-elf/lib/libdragon.a(joybus.o)
 .text.startup.__joybus_init
                0x0000000080043b40       0x44 /opt/n64/lib/gcc/mips64-elf/11.2.0/../../../../mips64-elf/lib/libdragon.a(joybus.o)
                0x0000000080043b40                __joybus_init
 .text.joybus_exec_async
                0x0000000080043b84       0xd4 /opt/n64/lib/gcc/mips64-elf/11.2.0/../../../../mips64-elf/lib/libdragon.a(joybus.o)
                0x0000000080043b84                joybus_exec_async
 .text._ZNK10__cxxabiv117__class_type_info11__do_upcastEPKS0_PPv
                0x0000000080043c58       0x68 /opt/n64/lib/gcc/mips64-elf/11.2.0/../../../../mips64-elf/lib/libstdc++.a(class_type_info.o)
                0x0000000080043c58                _ZNK10__cxxabiv117__class_type_info11__do_upcastEPKS0_PPv
 .text._ZNK10__cxxabiv117__class_type_info20__do_find_public_srcEiPKvPKS0_S2_
                0x0000000080043cc0       0x20 /opt/n64/lib/gcc/mips64-elf/11.2.0/../../../../mips64-elf/lib/libstdc++.a(class_type_info.o)
                0x0000000080043cc0                _ZNK10__cxxabiv117__class_type_info20__do_find_public_srcEiPKvPKS0_S2_
 .text._ZN10__cxxabiv117__class_type_infoD2Ev
                0x0000000080043ce0       0x10 /opt/n64/lib/gcc/mips64-elf/11.2.0/../../../../mips64-elf/lib/libstdc++.a(class_type_info.o)
                0x0000000080043ce0                _ZN10__cxxabiv117__class_type_infoD1Ev
                0x0000000080043ce0                _ZN10__cxxabiv117__class_type_infoD2Ev
 .text._ZN10__cxxabiv117__class_type_infoD0Ev
                0x0000000080043cf0       0x38 /opt/n64/lib/gcc/mips64-elf/11.2.0/../../../../mips64-elf/lib/libstdc++.a(class_type_info.o)
                0x0000000080043cf0                _ZN10__cxxabiv117__class_type_infoD0Ev
 .text._ZNK10__cxxabiv117__class_type_info11__do_upcastEPKS0_PKvRNS0_15__upcast_resultE
                0x0000000080043d28       0x90 /opt/n64/lib/gcc/mips64-elf/11.2.0/../../../../mips64-elf/lib/libstdc++.a(class_type_info.o)
                0x0000000080043d28                _ZNK10__cxxabiv117__class_type_info11__do_upcastEPKS0_PKvRNS0_15__upcast_resultE
 .text._ZNK10__cxxabiv117__class_type_info10__do_catchEPKSt9type_infoPPvj
                0x0000000080043db8       0xb0 /opt/n64/lib/gcc/mips64-elf/11.2.0/../../../../mips64-elf/lib/libstdc++.a(class_type_info.o)
                0x0000000080043db8                _ZNK10__cxxabiv117__class_type_info10__do_catchEPKSt9type_infoPPvj
 .text._ZNK10__cxxabiv117__class_type_info12__do_dyncastEiNS0_10__sub_kindEPKS0_PKvS3_S5_RNS0_16__dyncast_resultE
                0x0000000080043e68       0xf8 /opt/n64/lib/gcc/mips64-elf/11.2.0/../../../../mips64-elf/lib/libstdc++.a(class_type_info.o)
                0x0000000080043e68                _ZNK10__cxxabiv117__class_type_info12__do_dyncastEiNS0_10__sub_kindEPKS0_PKvS3_S5_RNS0_16__dyncast_resultE
 .text._ZdlPv   0x0000000080043f60        0x8 /opt/n64/lib/gcc/mips64-elf/11.2.0/../../../../mips64-elf/lib/libstdc++.a(del_op.o)
                0x0000000080043f60                _ZdlPv
 .text._ZdlPvj  0x0000000080043f68        0x8 /opt/n64/lib/gcc/mips64-elf/11.2.0/../../../../mips64-elf/lib/libstdc++.a(del_ops.o)
                0x0000000080043f68                _ZdlPvj
 .text._ZdaPv   0x0000000080043f70        0x8 /opt/n64/lib/gcc/mips64-elf/11.2.0/../../../../mips64-elf/lib/libstdc++.a(del_opv.o)
                0x0000000080043f70                _ZdaPv
 .text.unlikely.__cxa_throw_bad_array_new_length
                0x0000000080043f78       0x34 /opt/n64/lib/gcc/mips64-elf/11.2.0/../../../../mips64-elf/lib/libstdc++.a(eh_aux_runtime.o)
                0x0000000080043f78                __cxa_throw_bad_array_new_length
 *fill*         0x0000000080043fac        0x4 
 .text._ZL16get_adjusted_ptrPKSt9type_infoS1_PPv
                0x0000000080043fb0       0x90 /opt/n64/lib/gcc/mips64-elf/11.2.0/../../../../mips64-elf/lib/libstdc++.a(eh_personality.o)
 .text._ZL28read_encoded_value_with_basehjPKhPj
                0x0000000080044040      0x198 /opt/n64/lib/gcc/mips64-elf/11.2.0/../../../../mips64-elf/lib/libstdc++.a(eh_personality.o)
 .text._ZL21base_of_encoded_valuehP15_Unwind_Context
                0x00000000800441d8       0x90 /opt/n64/lib/gcc/mips64-elf/11.2.0/../../../../mips64-elf/lib/libstdc++.a(eh_personality.o)
 .text._ZL17parse_lsda_headerP15_Unwind_ContextPKhP16lsda_header_info
                0x0000000080044268      0x118 /opt/n64/lib/gcc/mips64-elf/11.2.0/../../../../mips64-elf/lib/libstdc++.a(eh_personality.o)
 .text._ZL20check_exception_specP16lsda_header_infoPKSt9type_infoPvl
                0x0000000080044380      0x148 /opt/n64/lib/gcc/mips64-elf/11.2.0/../../../../mips64-elf/lib/libstdc++.a(eh_personality.o)
 .text.__gxx_personality_v0
                0x00000000800444c8      0x660 /opt/n64/lib/gcc/mips64-elf/11.2.0/../../../../mips64-elf/lib/libstdc++.a(eh_personality.o)
                0x00000000800444c8                __gxx_personality_v0
 .text._ZN10__cxxabiv111__terminateEPFvvE
                0x0000000080044b28       0x28 /opt/n64/lib/gcc/mips64-elf/11.2.0/../../../../mips64-elf/lib/libstdc++.a(eh_terminate.o)
                0x0000000080044b28                _ZN10__cxxabiv111__terminateEPFvvE
 .text._ZSt9terminatev
                0x0000000080044b50       0x18 /opt/n64/lib/gcc/mips64-elf/11.2.0/../../../../mips64-elf/lib/libstdc++.a(eh_terminate.o)
                0x0000000080044b50                _ZSt9terminatev
 .text._ZN10__cxxabiv112__unexpectedEPFvvE
                0x0000000080044b68       0x18 /opt/n64/lib/gcc/mips64-elf/11.2.0/../../../../mips64-elf/lib/libstdc++.a(eh_terminate.o)
                0x0000000080044b68                _ZN10__cxxabiv112__unexpectedEPFvvE
 .text._ZSt10unexpectedv
                0x0000000080044b80       0x18 /opt/n64/lib/gcc/mips64-elf/11.2.0/../../../../mips64-elf/lib/libstdc++.a(eh_terminate.o)
                0x0000000080044b80                _ZSt10unexpectedv
 .text._ZSt13get_terminatev
                0x0000000080044b98       0x10 /opt/n64/lib/gcc/mips64-elf/11.2.0/../../../../mips64-elf/lib/libstdc++.a(eh_terminate.o)
                0x0000000080044b98                _ZSt13get_terminatev
 .text._ZSt14get_unexpectedv
                0x0000000080044ba8       0x10 /opt/n64/lib/gcc/mips64-elf/11.2.0/../../../../mips64-elf/lib/libstdc++.a(eh_terminate.o)
                0x0000000080044ba8                _ZSt14get_unexpectedv
 .text._ZL23__gxx_exception_cleanup19_Unwind_Reason_CodeP17_Unwind_Exception
                0x0000000080044bb8       0x68 /opt/n64/lib/gcc/mips64-elf/11.2.0/../../../../mips64-elf/lib/libstdc++.a(eh_throw.o)
 .text.__cxa_init_primary_exception
                0x0000000080044c20       0x68 /opt/n64/lib/gcc/mips64-elf/11.2.0/../../../../mips64-elf/lib/libstdc++.a(eh_throw.o)
                0x0000000080044c20                __cxa_init_primary_exception
 .text.__cxa_throw
                0x0000000080044c88       0x58 /opt/n64/lib/gcc/mips64-elf/11.2.0/../../../../mips64-elf/lib/libstdc++.a(eh_throw.o)
                0x0000000080044c88                __cxa_throw
 .text.__cxa_rethrow
                0x0000000080044ce0       0x80 /opt/n64/lib/gcc/mips64-elf/11.2.0/../../../../mips64-elf/lib/libstdc++.a(eh_throw.o)
                0x0000000080044ce0                __cxa_rethrow
 .text._Znwj    0x0000000080044d60       0x80 /opt/n64/lib/gcc/mips64-elf/11.2.0/../../../../mips64-elf/lib/libstdc++.a(new_op.o)
                0x0000000080044d60                _Znwj
 .text._Znaj    0x0000000080044de0        0x8 /opt/n64/lib/gcc/mips64-elf/11.2.0/../../../../mips64-elf/lib/libstdc++.a(new_opv.o)
                0x0000000080044de0                _Znaj
 .text._ZN10__cxxabiv120__si_class_type_infoD2Ev
                0x0000000080044de8       0x10 /opt/n64/lib/gcc/mips64-elf/11.2.0/../../../../mips64-elf/lib/libstdc++.a(si_class_type_info.o)
                0x0000000080044de8                _ZN10__cxxabiv120__si_class_type_infoD2Ev
                0x0000000080044de8                _ZN10__cxxabiv120__si_class_type_infoD1Ev
 .text._ZN10__cxxabiv120__si_class_type_infoD0Ev
                0x0000000080044df8       0x38 /opt/n64/lib/gcc/mips64-elf/11.2.0/../../../../mips64-elf/lib/libstdc++.a(si_class_type_info.o)
                0x0000000080044df8                _ZN10__cxxabiv120__si_class_type_infoD0Ev
 .text._ZNK10__cxxabiv120__si_class_type_info12__do_dyncastEiNS_17__class_type_info10__sub_kindEPKS1_PKvS4_S6_RNS1_16__dyncast_resultE
                0x0000000080044e30      0x170 /opt/n64/lib/gcc/mips64-elf/11.2.0/../../../../mips64-elf/lib/libstdc++.a(si_class_type_info.o)
                0x0000000080044e30                _ZNK10__cxxabiv120__si_class_type_info12__do_dyncastEiNS_17__class_type_info10__sub_kindEPKS1_PKvS4_S6_RNS1_16__dyncast_resultE
 .text._ZNK10__cxxabiv120__si_class_type_info20__do_find_public_srcEiPKvPKNS_17__class_type_infoES2_
                0x0000000080044fa0       0xa0 /opt/n64/lib/gcc/mips64-elf/11.2.0/../../../../mips64-elf/lib/libstdc++.a(si_class_type_info.o)
                0x0000000080044fa0                _ZNK10__cxxabiv120__si_class_type_info20__do_find_public_srcEiPKvPKNS_17__class_type_infoES2_
 .text._ZNK10__cxxabiv120__si_class_type_info11__do_upcastEPKNS_17__class_type_infoEPKvRNS1_15__upcast_resultE
                0x0000000080045040       0x80 /opt/n64/lib/gcc/mips64-elf/11.2.0/../../../../mips64-elf/lib/libstdc++.a(si_class_type_info.o)
                0x0000000080045040                _ZNK10__cxxabiv120__si_class_type_info11__do_upcastEPKNS_17__class_type_infoEPKvRNS1_15__upcast_resultE
 .text._ZNSt9type_infoD2Ev
                0x00000000800450c0        0x8 /opt/n64/lib/gcc/mips64-elf/11.2.0/../../../../mips64-elf/lib/libstdc++.a(tinfo.o)
                0x00000000800450c0                _ZNSt9type_infoD1Ev
                0x00000000800450c0                _ZNSt9type_infoD2Ev
 .text._ZNKSt9type_info14__is_pointer_pEv
                0x00000000800450c8        0x8 /opt/n64/lib/gcc/mips64-elf/11.2.0/../../../../mips64-elf/lib/libstdc++.a(tinfo.o)
                0x00000000800450c8                _ZNKSt9type_info15__is_function_pEv
                0x00000000800450c8                _ZNKSt9type_info14__is_pointer_pEv
 .text._ZN9__gnu_cxx27__verbose_terminate_handlerEv
                0x00000000800450d0      0x1c8 /opt/n64/lib/gcc/mips64-elf/11.2.0/../../../../mips64-elf/lib/libstdc++.a(vterminate.o)
                0x00000000800450d0                _ZN9__gnu_cxx27__verbose_terminate_handlerEv
 .text._ZSt18_Rb_tree_incrementPSt18_Rb_tree_node_base
                0x0000000080045298       0x60 /opt/n64/lib/gcc/mips64-elf/11.2.0/../../../../mips64-elf/lib/libstdc++.a(tree.o)
                0x0000000080045298                _ZSt18_Rb_tree_incrementPSt18_Rb_tree_node_base
 .text._ZSt18_Rb_tree_decrementPSt18_Rb_tree_node_base
                0x00000000800452f8       0x78 /opt/n64/lib/gcc/mips64-elf/11.2.0/../../../../mips64-elf/lib/libstdc++.a(tree.o)
                0x00000000800452f8                _ZSt18_Rb_tree_decrementPSt18_Rb_tree_node_base
 .text._ZSt29_Rb_tree_insert_and_rebalancebPSt18_Rb_tree_node_baseS0_RS_
                0x0000000080045370      0x2a8 /opt/n64/lib/gcc/mips64-elf/11.2.0/../../../../mips64-elf/lib/libstdc++.a(tree.o)
                0x0000000080045370                _ZSt29_Rb_tree_insert_and_rebalancebPSt18_Rb_tree_node_baseS0_RS_
 .text.unlikely._ZSt17__throw_bad_allocv
                0x0000000080045618       0x34 /opt/n64/lib/gcc/mips64-elf/11.2.0/../../../../mips64-elf/lib/libstdc++.a(functexcept.o)
                0x0000000080045618                _ZSt17__throw_bad_allocv
 .text.unlikely._ZSt28__throw_bad_array_new_lengthv
                0x000000008004564c       0x34 /opt/n64/lib/gcc/mips64-elf/11.2.0/../../../../mips64-elf/lib/libstdc++.a(functexcept.o)
                0x000000008004564c                _ZSt28__throw_bad_array_new_lengthv
 .text.unlikely._ZSt19__throw_logic_errorPKc
                0x0000000080045680       0x5c /opt/n64/lib/gcc/mips64-elf/11.2.0/../../../../mips64-elf/lib/libstdc++.a(functexcept.o)
                0x0000000080045680                _ZSt19__throw_logic_errorPKc
 .text.unlikely._ZSt20__throw_length_errorPKc
                0x00000000800456dc       0x5c /opt/n64/lib/gcc/mips64-elf/11.2.0/../../../../mips64-elf/lib/libstdc++.a(functexcept.o)
                0x00000000800456dc                _ZSt20__throw_length_errorPKc
 .text._ZNKSt9bad_alloc4whatEv
                0x0000000080045738       0x10 /opt/n64/lib/gcc/mips64-elf/11.2.0/../../../../mips64-elf/lib/libstdc++.a(bad_alloc.o)
                0x0000000080045738                _ZNKSt9bad_alloc4whatEv
 .text._ZNSt9bad_allocD2Ev
                0x0000000080045748       0x10 /opt/n64/lib/gcc/mips64-elf/11.2.0/../../../../mips64-elf/lib/libstdc++.a(bad_alloc.o)
                0x0000000080045748                _ZNSt9bad_allocD2Ev
                0x0000000080045748                _ZNSt9bad_allocD1Ev
 .text._ZNSt9bad_allocD0Ev
                0x0000000080045758       0x38 /opt/n64/lib/gcc/mips64-elf/11.2.0/../../../../mips64-elf/lib/libstdc++.a(bad_alloc.o)
                0x0000000080045758                _ZNSt9bad_allocD0Ev
 .text._ZNKSt20bad_array_new_length4whatEv
                0x0000000080045790       0x10 /opt/n64/lib/gcc/mips64-elf/11.2.0/../../../../mips64-elf/lib/libstdc++.a(bad_array_new.o)
                0x0000000080045790                _ZNKSt20bad_array_new_length4whatEv
 .text._ZNSt20bad_array_new_lengthD2Ev
                0x00000000800457a0       0x10 /opt/n64/lib/gcc/mips64-elf/11.2.0/../../../../mips64-elf/lib/libstdc++.a(bad_array_new.o)
                0x00000000800457a0                _ZNSt20bad_array_new_lengthD1Ev
                0x00000000800457a0                _ZNSt20bad_array_new_lengthD2Ev
 .text._ZNSt20bad_array_new_lengthD0Ev
                0x00000000800457b0       0x38 /opt/n64/lib/gcc/mips64-elf/11.2.0/../../../../mips64-elf/lib/libstdc++.a(bad_array_new.o)
                0x00000000800457b0                _ZNSt20bad_array_new_lengthD0Ev
 .text._ZN12_GLOBAL__N_14pool4freeEPv.constprop.0
                0x00000000800457e8       0xf8 /opt/n64/lib/gcc/mips64-elf/11.2.0/../../../../mips64-elf/lib/libstdc++.a(eh_alloc.o)
 .text._ZN12_GLOBAL__N_14pool8allocateEj.constprop.0
                0x00000000800458e0       0xa0 /opt/n64/lib/gcc/mips64-elf/11.2.0/../../../../mips64-elf/lib/libstdc++.a(eh_alloc.o)
 .text.__cxa_allocate_exception
                0x0000000080045980       0x60 /opt/n64/lib/gcc/mips64-elf/11.2.0/../../../../mips64-elf/lib/libstdc++.a(eh_alloc.o)
                0x0000000080045980                __cxa_allocate_exception
 .text.__cxa_free_exception
                0x00000000800459e0       0x40 /opt/n64/lib/gcc/mips64-elf/11.2.0/../../../../mips64-elf/lib/libstdc++.a(eh_alloc.o)
                0x00000000800459e0                __cxa_free_exception
 .text.startup._GLOBAL__sub_I__ZN9__gnu_cxx9__freeresEv
                0x0000000080045a20       0x58 /opt/n64/lib/gcc/mips64-elf/11.2.0/../../../../mips64-elf/lib/libstdc++.a(eh_alloc.o)
 .text.__cxa_call_terminate
                0x0000000080045a78       0x58 /opt/n64/lib/gcc/mips64-elf/11.2.0/../../../../mips64-elf/lib/libstdc++.a(eh_call.o)
                0x0000000080045a78                __cxa_call_terminate
 .text.__cxa_begin_catch
                0x0000000080045ad0       0xb0 /opt/n64/lib/gcc/mips64-elf/11.2.0/../../../../mips64-elf/lib/libstdc++.a(eh_catch.o)
                0x0000000080045ad0                __cxa_begin_catch
 .text.__cxa_end_catch
                0x0000000080045b80       0xc0 /opt/n64/lib/gcc/mips64-elf/11.2.0/../../../../mips64-elf/lib/libstdc++.a(eh_catch.o)
                0x0000000080045b80                __cxa_end_catch
 .text._ZNSt9exceptionD2Ev
                0x0000000080045c40        0x8 /opt/n64/lib/gcc/mips64-elf/11.2.0/../../../../mips64-elf/lib/libstdc++.a(eh_exception.o)
                0x0000000080045c40                _ZNSt9exceptionD2Ev
                0x0000000080045c40                _ZNSt9exceptionD1Ev
 .text.__cxa_get_globals_fast
                0x0000000080045c48        0x8 /opt/n64/lib/gcc/mips64-elf/11.2.0/../../../../mips64-elf/lib/libstdc++.a(eh_globals.o)
                0x0000000080045c48                __cxa_get_globals_fast
 .text.__cxa_get_globals
                0x0000000080045c50        0x8 /opt/n64/lib/gcc/mips64-elf/11.2.0/../../../../mips64-elf/lib/libstdc++.a(eh_globals.o)
                0x0000000080045c50                __cxa_get_globals
 .text.__cxa_current_exception_type
                0x0000000080045c58       0x48 /opt/n64/lib/gcc/mips64-elf/11.2.0/../../../../mips64-elf/lib/libstdc++.a(eh_type.o)